<html>
<body>
<pre>
<h1>µVision Build Log</h1>
<h2>Tool Versions:</h2>
IDE-Version: ¦ÌVision V5.14.0.0
Copyright (C) 2015 ARM Ltd and ARM Germany GmbH. All rights reserved.
License Information: YU AutoBVT, Microsoft, LIC=4ZLPC-76VV6-UKXB6-DKB1L-PS148-HPYFW
 
Tool Versions:
Toolchain:       MDK-ARM Professional  Version: 5.14.0.0
Toolchain Path:  D:\Keil_v5\ARM\ARMCC\Bin
C Compiler:      Armcc.exe V5.05 update 1 (build 106)
Assembler:       Armasm.exe V5.05 update 1 (build 106)
Linker/Locator:  ArmLink.exe V5.05 update 1 (build 106)
Library Manager: ArmAr.exe V5.05 update 1 (build 106)
Hex Converter:   FromElf.exe V5.05 update 1 (build 106)
CPU DLL:         SARMCM3.DLL V5.14.0.0
Dialog DLL:      DCM.DLL V1.13.1.0
Target DLL:      Segger\JL2CM3.dll V2.99.13.0
Dialog DLL:      TCM.DLL V1.14.4.0
 
<h2>Project:</h2>
D:\Lab\c\smartcar\led\USER\Template.uvprojx
Project File Date:  11/14/2018

<h2>Output:</h2>
Build target 'ChekTset'
compiling main.c...
..\HARDWARE\HCSR04\hcsr04.h(6): warning:  #1295-D: Deprecated declaration hcsr04_Init - give arg types
  void hcsr04_Init();
..\HARDWARE\HCSR04\hcsr04.h(8): warning:  #1295-D: Deprecated declaration hcsr04_measure - give arg types
  float hcsr04_measure();
..\HARDWARE\HCSR04\hcsr04.h(9): warning:  #1-D: last line of file ends without a newline
  #endif
..\HARDWARE\WIFI\wifi.h(16): warning:  #1295-D: Deprecated declaration usrc210_response - give arg types
  char * usrc210_response();    
..\HARDWARE\WIFI\wifi.h(19): warning:  #1-D: last line of file ends without a newline
  #endif
..\HARDWARE\PATH\path.h(41): warning:  #1-D: last line of file ends without a newline
  #endif
..\HARDWARE\MOTOR\motor.h(71): warning:  #1295-D: Deprecated declaration MotorChekInit - give arg types
  void MotorChekInit();
..\HARDWARE\TIMER\timer.h(34): warning:  #1-D: last line of file ends without a newline
  #endif
main.c(32): warning:  #167-D: argument of type "char *" is incompatible with parameter of type "unsigned char *"
        uart2_sendstr(s);
main.c(68): warning:  #167-D: argument of type "char *" is incompatible with parameter of type "u8 *"
                        uart1_sendstr(s);
main.c(73): warning:  #111-D: statement is unreachable
        return 0;
main.c: 11 warnings, 0 errors
linking...
Program Size: Code=17024 RO-data=600 RW-data=64 ZI-data=2248  
FromELF: creating hex file...
"..\OBJ\Template.axf" - 0 Error(s), 11 Warning(s).

<h2>Collection of Component include folders:</h2>
  D:\Lab\c\smartcar\led\USER\RTE
  D:\Keil_v5\ARM\PACK\Keil\STM32F4xx_DFP\1.0.8\Device\Include

<h2>Collection of Component Files used:</h2>
</pre>
</body>
</html>
