Component: ARM Compiler 5.05 update 1 (build 106) Tool: armlink [4d0efa]

==============================================================================

Section Cross References

    main.o(.text) refers to _printf_percent.o(.ARM.Collect$$_printf_percent$$00000000) for _printf_percent
    main.o(.text) refers to _printf_d.o(.ARM.Collect$$_printf_percent$$00000009) for _printf_d
    main.o(.text) refers to _printf_f.o(.ARM.Collect$$_printf_percent$$00000003) for _printf_f
    main.o(.text) refers to _printf_dec.o(.text) for _printf_int_dec
    main.o(.text) refers to printf1.o(x$fpl$printf1) for _printf_fp_dec
    main.o(.text) refers to hcsr04.o(.text) for hcsr04_measure
    main.o(.text) refers to path.o(.text) for path_handler
    main.o(.text) refers to f2d.o(x$fpl$f2d) for __aeabi_f2d
    main.o(.text) refers to noretval__2sprintf.o(.text) for __2sprintf
    main.o(.text) refers to uart2.o(.text) for uart2_sendstr
    main.o(.text) refers to delay.o(.text) for delay_init
    main.o(.text) refers to motor.o(.text) for MotorChekInit
    main.o(.text) refers to wifi.o(.text) for WifiChek_Init
    main.o(.text) refers to uart1.o(.text) for uart1_init
    main.o(.text) refers to led.o(.text) for led
    main.o(.text) refers to main.o(.bss) for carinfo
    main.o(.text) refers to main.o(.data) for cpu_counter
    system_stm32f4xx.o(.text) refers to system_stm32f4xx.o(.data) for SystemCoreClock
    startup_stm32f40_41xxx.o(STACK) refers (Special) to heapauxi.o(.text) for __use_two_region_memory
    startup_stm32f40_41xxx.o(HEAP) refers (Special) to heapauxi.o(.text) for __use_two_region_memory
    startup_stm32f40_41xxx.o(RESET) refers (Special) to heapauxi.o(.text) for __use_two_region_memory
    startup_stm32f40_41xxx.o(RESET) refers to startup_stm32f40_41xxx.o(STACK) for __initial_sp
    startup_stm32f40_41xxx.o(RESET) refers to startup_stm32f40_41xxx.o(.text) for Reset_Handler
    startup_stm32f40_41xxx.o(RESET) refers to stm32f4xx_it.o(.text) for NMI_Handler
    startup_stm32f40_41xxx.o(RESET) refers to hcsr04.o(.text) for TIM3_IRQHandler
    startup_stm32f40_41xxx.o(RESET) refers to wifi.o(.text) for TIM4_IRQHandler
    startup_stm32f40_41xxx.o(RESET) refers to uart1.o(.text) for USART1_IRQHandler
    startup_stm32f40_41xxx.o(RESET) refers to uart2.o(.text) for USART2_IRQHandler
    startup_stm32f40_41xxx.o(.text) refers (Special) to heapauxi.o(.text) for __use_two_region_memory
    startup_stm32f40_41xxx.o(.text) refers to system_stm32f4xx.o(.text) for SystemInit
    startup_stm32f40_41xxx.o(.text) refers to __main.o(!!!main) for __main
    startup_stm32f40_41xxx.o(.text) refers to startup_stm32f40_41xxx.o(HEAP) for Heap_Mem
    startup_stm32f40_41xxx.o(.text) refers to startup_stm32f40_41xxx.o(STACK) for Stack_Mem
    stm32f4xx_gpio.o(.text) refers to stm32f4xx_rcc.o(.text) for RCC_AHB1PeriphResetCmd
    stm32f4xx_rcc.o(.text) refers to stm32f4xx_rcc.o(.data) for APBAHBPrescTable
    stm32f4xx_syscfg.o(.text) refers to stm32f4xx_rcc.o(.text) for RCC_APB2PeriphResetCmd
    stm32f4xx_tim.o(.text) refers to stm32f4xx_rcc.o(.text) for RCC_APB2PeriphResetCmd
    stm32f4xx_usart.o(.text) refers to stm32f4xx_rcc.o(.text) for RCC_APB2PeriphResetCmd
    delay.o(.text) refers to misc.o(.text) for SysTick_CLKSourceConfig
    delay.o(.text) refers to delay.o(.data) for fac_us
    usart.o(.rev16_text) refers (Special) to use_no_semi_2.o(.text) for __use_no_semihosting
    usart.o(.revsh_text) refers (Special) to use_no_semi_2.o(.text) for __use_no_semihosting
    usart.o(.text) refers (Special) to use_no_semi_2.o(.text) for __use_no_semihosting
    usart.o(.text) refers to stm32f4xx_rcc.o(.text) for RCC_AHB1PeriphClockCmd
    usart.o(.text) refers to stm32f4xx_gpio.o(.text) for GPIO_PinAFConfig
    usart.o(.text) refers to stm32f4xx_usart.o(.text) for USART_Init
    usart.o(.text) refers to misc.o(.text) for NVIC_Init
    usart.o(.bss) refers (Special) to use_no_semi_2.o(.text) for __use_no_semihosting
    usart.o(.data) refers (Special) to use_no_semi_2.o(.text) for __use_no_semihosting
    hcsr04.o(.text) refers to stm32f4xx_rcc.o(.text) for RCC_APB1PeriphClockCmd
    hcsr04.o(.text) refers to stm32f4xx_tim.o(.text) for TIM_TimeBaseInit
    hcsr04.o(.text) refers to misc.o(.text) for NVIC_Init
    hcsr04.o(.text) refers to stm32f4xx_gpio.o(.text) for GPIO_Init
    hcsr04.o(.text) refers to delay.o(.text) for delay_us
    hcsr04.o(.text) refers to dflt_clz.o(x$fpl$dfltu) for __aeabi_ui2d
    hcsr04.o(.text) refers to ddiv.o(x$fpl$ddiv) for __aeabi_ddiv
    hcsr04.o(.text) refers to d2f.o(x$fpl$d2f) for __aeabi_d2f
    hcsr04.o(.text) refers to f2d.o(x$fpl$f2d) for __aeabi_f2d
    hcsr04.o(.text) refers to hcsr04.o(.data) for msHcCount
    jq8400.o(.text) refers to stm32f4xx_rcc.o(.text) for RCC_AHB1PeriphClockCmd
    jq8400.o(.text) refers to stm32f4xx_gpio.o(.text) for GPIO_Init
    jq8400.o(.text) refers to delay.o(.text) for delay_ms
    key.o(.text) refers to stm32f4xx_rcc.o(.text) for RCC_AHB1PeriphClockCmd
[...]
    ../clib/signal.c                         0x00000000   Number         0  defsig_fpe_inner.o ABSOLUTE
    ../clib/signal.c                         0x00000000   Number         0  defsig_stak_inner.o ABSOLUTE
    ../clib/signal.c                         0x00000000   Number         0  defsig_other.o ABSOLUTE
    ../clib/signal.c                         0x00000000   Number         0  defsig_abrt_inner.o ABSOLUTE
    ../clib/signal.c                         0x00000000   Number         0  defsig_cppl_inner.o ABSOLUTE
    ../clib/signal.c                         0x00000000   Number         0  defsig_general.o ABSOLUTE
    ../clib/signal.c                         0x00000000   Number         0  __raise.o ABSOLUTE
    ../clib/signal.c                         0x00000000   Number         0  defsig_rtmem_inner.o ABSOLUTE
    ../clib/signal.c                         0x00000000   Number         0  defsig_segv_inner.o ABSOLUTE
    ../clib/signal.c                         0x00000000   Number         0  defsig_exit.o ABSOLUTE
    ../clib/signal.s                         0x00000000   Number         0  defsig.o ABSOLUTE
    ../clib/stdlib.c                         0x00000000   Number         0  exit.o ABSOLUTE
    ../clib/string.c                         0x00000000   Number         0  strlen.o ABSOLUTE
    ../fplib/d2f.s                           0x00000000   Number         0  d2f.o ABSOLUTE
    ../fplib/ddiv.s                          0x00000000   Number         0  ddiv.o ABSOLUTE
    ../fplib/dflt.s                          0x00000000   Number         0  dflt_clz.o ABSOLUTE
    ../fplib/dnaninf.s                       0x00000000   Number         0  dnaninf.o ABSOLUTE
    ../fplib/dretinf.s                       0x00000000   Number         0  dretinf.o ABSOLUTE
    ../fplib/f2d.s                           0x00000000   Number         0  f2d.o ABSOLUTE
    ../fplib/fnaninf.s                       0x00000000   Number         0  fnaninf.o ABSOLUTE
    ../fplib/fpinit.s                        0x00000000   Number         0  fpinit.o ABSOLUTE
    ../fplib/fretinf.s                       0x00000000   Number         0  fretinf.o ABSOLUTE
    ../fplib/istatus.s                       0x00000000   Number         0  istatus.o ABSOLUTE
    ../fplib/printf1.s                       0x00000000   Number         0  printf1.o ABSOLUTE
    ../fplib/usenofp.s                       0x00000000   Number         0  usenofp.o ABSOLUTE
    ../mathlib/fpclassify.c                  0x00000000   Number         0  fpclassify.o ABSOLUTE
    ..\CORE\startup_stm32f40_41xxx.s         0x00000000   Number         0  startup_stm32f40_41xxx.o ABSOLUTE
    ..\FWLIB\src\misc.c                      0x00000000   Number         0  misc.o ABSOLUTE
    ..\FWLIB\src\stm32f4xx_exti.c            0x00000000   Number         0  stm32f4xx_exti.o ABSOLUTE
    ..\FWLIB\src\stm32f4xx_gpio.c            0x00000000   Number         0  stm32f4xx_gpio.o ABSOLUTE
    ..\FWLIB\src\stm32f4xx_rcc.c             0x00000000   Number         0  stm32f4xx_rcc.o ABSOLUTE
    ..\FWLIB\src\stm32f4xx_syscfg.c          0x00000000   Number         0  stm32f4xx_syscfg.o ABSOLUTE
    ..\FWLIB\src\stm32f4xx_tim.c             0x00000000   Number         0  stm32f4xx_tim.o ABSOLUTE
    ..\FWLIB\src\stm32f4xx_usart.c           0x00000000   Number         0  stm32f4xx_usart.o ABSOLUTE
    ..\HARDWARE\HCSR04\hcsr04.c              0x00000000   Number         0  hcsr04.o ABSOLUTE
    ..\HARDWARE\JQ8400\jq8400.c              0x00000000   Number         0  jq8400.o ABSOLUTE
    ..\HARDWARE\KEY\key.c                    0x00000000   Number         0  key.o ABSOLUTE
    ..\HARDWARE\LED\led.c                    0x00000000   Number         0  led.o ABSOLUTE
    ..\HARDWARE\MOTOR\motor.c                0x00000000   Number         0  motor.o ABSOLUTE
    ..\HARDWARE\PATH\path.c                  0x00000000   Number         0  path.o ABSOLUTE
    ..\HARDWARE\WIFI\wifi.c                  0x00000000   Number         0  wifi.o ABSOLUTE
    ..\HARDWARE\uart1.c                      0x00000000   Number         0  uart1.o ABSOLUTE
    ..\HARDWARE\uart2.c                      0x00000000   Number         0  uart2.o ABSOLUTE
    ..\SYSTEM\delay\delay.c                  0x00000000   Number         0  delay.o ABSOLUTE
    ..\SYSTEM\sys\sys.c                      0x00000000   Number         0  sys.o ABSOLUTE
    ..\SYSTEM\usart\usart.c                  0x00000000   Number         0  usart.o ABSOLUTE
    ..\\FWLIB\\src\\misc.c                   0x00000000   Number         0  misc.o ABSOLUTE
    ..\\FWLIB\\src\\stm32f4xx_exti.c         0x00000000   Number         0  stm32f4xx_exti.o ABSOLUTE
    ..\\FWLIB\\src\\stm32f4xx_gpio.c         0x00000000   Number         0  stm32f4xx_gpio.o ABSOLUTE
    ..\\FWLIB\\src\\stm32f4xx_rcc.c          0x00000000   Number         0  stm32f4xx_rcc.o ABSOLUTE
    ..\\FWLIB\\src\\stm32f4xx_syscfg.c       0x00000000   Number         0  stm32f4xx_syscfg.o ABSOLUTE
    ..\\FWLIB\\src\\stm32f4xx_tim.c          0x00000000   Number         0  stm32f4xx_tim.o ABSOLUTE
    ..\\FWLIB\\src\\stm32f4xx_usart.c        0x00000000   Number         0  stm32f4xx_usart.o ABSOLUTE
    ..\\HARDWARE\\HCSR04\\hcsr04.c           0x00000000   Number         0  hcsr04.o ABSOLUTE
    ..\\HARDWARE\\JQ8400\\jq8400.c           0x00000000   Number         0  jq8400.o ABSOLUTE
    ..\\HARDWARE\\KEY\\key.c                 0x00000000   Number         0  key.o ABSOLUTE
    ..\\HARDWARE\\LED\\led.c                 0x00000000   Number         0  led.o ABSOLUTE
    ..\\HARDWARE\\MOTOR\\motor.c             0x00000000   Number         0  motor.o ABSOLUTE
    ..\\HARDWARE\\PATH\\path.c               0x00000000   Number         0  path.o ABSOLUTE
    ..\\HARDWARE\\WIFI\\wifi.c               0x00000000   Number         0  wifi.o ABSOLUTE
    ..\\HARDWARE\\uart1.c                    0x00000000   Number         0  uart1.o ABSOLUTE
    ..\\HARDWARE\\uart2.c                    0x00000000   Number         0  uart2.o ABSOLUTE
    ..\\SYSTEM\\delay\\delay.c               0x00000000   Number         0  delay.o ABSOLUTE
    ..\\SYSTEM\\sys\\sys.c                   0x00000000   Number         0  sys.o ABSOLUTE
    ..\\SYSTEM\\usart\\usart.c               0x00000000   Number         0  usart.o ABSOLUTE
    dc.s                                     0x00000000   Number         0  dc.o ABSOLUTE
    main.c                                   0x00000000   Number         0  main.o ABSOLUTE
    main.c                                   0x00000000   Number         0  main.o ABSOLUTE
    stm32f4xx_it.c                           0x00000000   Number         0  stm32f4xx_it.o ABSOLUTE
    stm32f4xx_it.c                           0x00000000   Number         0  stm32f4xx_it.o ABSOLUTE
    system_stm32f4xx.c                       0x00000000   Number         0  system_stm32f4xx.o ABSOLUTE
    system_stm32f4xx.c                       0x00000000   Number         0  system_stm32f4xx.o ABSOLUTE
    RESET                                    0x08000000   Section      392  startup_stm32f40_41xxx.o(RESET)
    !!!main                                  0x08000188   Section        8  __main.o(!!!main)
    !!!scatter                               0x08000190   Section       52  __scatter.o(!!!scatter)
    !!handler_copy                           0x080001c4   Section       26  __scatter_copy.o(!!handler_copy)
    !!handler_zi                             0x080001e0   Section       28  __scatter_zi.o(!!handler_zi)
    .ARM.Collect$$_printf_percent$$00000000  0x080001fc   Section        0  _printf_percent.o(.ARM.Collect$$_printf_percent$$00000000)
    .ARM.Collect$$_printf_percent$$00000003  0x080001fc   Section        6  _printf_f.o(.ARM.Collect$$_printf_percent$$00000003)
    .ARM.Collect$$_printf_percent$$00000009  0x08000202   Section        6  _printf_d.o(.ARM.Collect$$_printf_percent$$00000009)
    .ARM.Collect$$_printf_percent$$00000017  0x08000208   Section        4  _printf_percent_end.o(.ARM.Collect$$_printf_percent$$00000017)
    .ARM.Collect$$libinit$$00000000          0x0800020c   Section        2  libinit.o(.ARM.Collect$$libinit$$00000000)
    .ARM.Collect$$libinit$$00000001          0x0800020e   Section        4  libinit2.o(.ARM.Collect$$libinit$$00000001)
    .ARM.Collect$$libinit$$00000004          0x08000212   Section        0  libinit2.o(.ARM.Collect$$libinit$$00000004)
    .ARM.Collect$$libinit$$0000000A          0x08000212   Section        0  libinit2.o(.ARM.Collect$$libinit$$0000000A)
    .ARM.Collect$$libinit$$0000000C          0x08000212   Section        0  libinit2.o(.ARM.Collect$$libinit$$0000000C)
    .ARM.Collect$$libinit$$0000000E          0x08000212   Section        0  libinit2.o(.ARM.Collect$$libinit$$0000000E)
    .ARM.Collect$$libinit$$0000000F          0x08000212   Section        6  libinit2.o(.ARM.Collect$$libinit$$0000000F)
    .ARM.Collect$$libinit$$00000011          0x08000218   Section        0  libinit2.o(.ARM.Collect$$libinit$$00000011)
    .ARM.Collect$$libinit$$00000013          0x08000218   Section        0  libinit2.o(.ARM.Collect$$libinit$$00000013)
    .ARM.Collect$$libinit$$00000015          0x08000218   Section        0  libinit2.o(.ARM.Collect$$libinit$$00000015)
    .ARM.Collect$$libinit$$00000016          0x08000218   Section       10  libinit2.o(.ARM.Collect$$libinit$$00000016)
    .ARM.Collect$$libinit$$00000017          0x08000222   Section        0  libinit2.o(.ARM.Collect$$libinit$$00000017)
    .ARM.Collect$$libinit$$00000019          0x08000222   Section        0  libinit2.o(.ARM.Collect$$libinit$$00000019)
    .ARM.Collect$$libinit$$0000001B          0x08000222   Section        0  libinit2.o(.ARM.Collect$$libinit$$0000001B)
    .ARM.Collect$$libinit$$0000001D          0x08000222   Section        0  libinit2.o(.ARM.Collect$$libinit$$0000001D)
    .ARM.Collect$$libinit$$0000001F          0x08000222   Section        0  libinit2.o(.ARM.Collect$$libinit$$0000001F)
    .ARM.Collect$$libinit$$00000021          0x08000222   Section        0  libinit2.o(.ARM.Collect$$libinit$$00000021)
    .ARM.Collect$$libinit$$00000023          0x08000222   Section        0  libinit2.o(.ARM.Collect$$libinit$$00000023)
    .ARM.Collect$$libinit$$00000025          0x08000222   Section        0  libinit2.o(.ARM.Collect$$libinit$$00000025)
    .ARM.Collect$$libinit$$0000002C          0x08000222   Section        0  libinit2.o(.ARM.Collect$$libinit$$0000002C)
    .ARM.Collect$$libinit$$0000002E          0x08000222   Section        0  libinit2.o(.ARM.Collect$$libinit$$0000002E)
    .ARM.Collect$$libinit$$00000030          0x08000222   Section        0  libinit2.o(.ARM.Collect$$libinit$$00000030)
    .ARM.Collect$$libinit$$00000032          0x08000222   Section        0  libinit2.o(.ARM.Collect$$libinit$$00000032)
    .ARM.Collect$$libinit$$00000033          0x08000222   Section        2  libinit2.o(.ARM.Collect$$libinit$$00000033)
    .ARM.Collect$$libshutdown$$00000000      0x08000224   Section        2  libshutdown.o(.ARM.Collect$$libshutdown$$00000000)
    .ARM.Collect$$libshutdown$$00000003      0x08000226   Section        0  libshutdown2.o(.ARM.Collect$$libshutdown$$00000003)
    .ARM.Collect$$libshutdown$$00000006      0x08000226   Section        0  libshutdown2.o(.ARM.Collect$$libshutdown$$00000006)
    .ARM.Collect$$libshutdown$$00000009      0x08000226   Section        0  libshutdown2.o(.ARM.Collect$$libshutdown$$00000009)
    .ARM.Collect$$libshutdown$$0000000B      0x08000226   Section        0  libshutdown2.o(.ARM.Collect$$libshutdown$$0000000B)
    .ARM.Collect$$libshutdown$$0000000E      0x08000226   Section        0  libshutdown2.o(.ARM.Collect$$libshutdown$$0000000E)
    .ARM.Collect$$libshutdown$$0000000F      0x08000226   Section        2  libshutdown2.o(.ARM.Collect$$libshutdown$$0000000F)
    .ARM.Collect$$rtentry$$00000000          0x08000228   Section        0  __rtentry.o(.ARM.Collect$$rtentry$$00000000)
    .ARM.Collect$$rtentry$$00000002          0x08000228   Section        0  __rtentry2.o(.ARM.Collect$$rtentry$$00000002)
    .ARM.Collect$$rtentry$$00000004          0x08000228   Section        6  __rtentry4.o(.ARM.Collect$$rtentry$$00000004)
    .ARM.Collect$$rtentry$$00000009          0x0800022e   Section        0  __rtentry2.o(.ARM.Collect$$rtentry$$00000009)
    .ARM.Collect$$rtentry$$0000000A          0x0800022e   Section        4  __rtentry2.o(.ARM.Collect$$rtentry$$0000000A)
    .ARM.Collect$$rtentry$$0000000C          0x08000232   Section        0  __rtentry2.o(.ARM.Collect$$rtentry$$0000000C)
    .ARM.Collect$$rtentry$$0000000D          0x08000232   Section        8  __rtentry2.o(.ARM.Collect$$rtentry$$0000000D)
    .ARM.Collect$$rtexit$$00000000           0x0800023a   Section        2  rtexit.o(.ARM.Collect$$rtexit$$00000000)
    .ARM.Collect$$rtexit$$00000002           0x0800023c   Section        0  rtexit2.o(.ARM.Collect$$rtexit$$00000002)
    .ARM.Collect$$rtexit$$00000003           0x0800023c   Section        4  rtexit2.o(.ARM.Collect$$rtexit$$00000003)
    .ARM.Collect$$rtexit$$00000004           0x08000240   Section        6  rtexit2.o(.ARM.Collect$$rtexit$$00000004)
    .text                                    0x08000248   Section        0  main.o(.text)
    .text                                    0x080003e0   Section        0  stm32f4xx_it.o(.text)
    .text                                    0x080003fc   Section        0  system_stm32f4xx.o(.text)
    SetSysClock                              0x080003fd   Thumb Code   220  system_stm32f4xx.o(.text)
    .text                                    0x0800060c   Section       64  startup_stm32f40_41xxx.o(.text)
    $v0                                      0x0800060c   Number         0  startup_stm32f40_41xxx.o(.text)
    .text                                    0x0800064c   Section        0  misc.o(.text)
    .text                                    0x0800072c   Section        0  stm32f4xx_gpio.o(.text)
    .text                                    0x080009c0   Section        0  stm32f4xx_rcc.o(.text)
    .text                                    0x0800101c   Section        0  stm32f4xx_tim.o(.text)
    TI4_Config                               0x080017bb   Thumb Code    80  stm32f4xx_tim.o(.text)
    TI3_Config                               0x0800181d   Thumb Code    72  stm32f4xx_tim.o(.text)
    TI2_Config                               0x0800187f   Thumb Code    90  stm32f4xx_tim.o(.text)
    TI1_Config                               0x080018eb   Thumb Code    58  stm32f4xx_tim.o(.text)
    .text                                    0x08001cc0   Section        0  stm32f4xx_usart.o(.text)
    .text                                    0x08002114   Section        0  delay.o(.text)
    .text                                    0x08002218   Section        0  usart.o(.text)
    .text                                    0x080022e0   Section        0  hcsr04.o(.text)
    .text                                    0x080024d8   Section        0  led.o(.text)
    .text                                    0x080025d0   Section        0  motor.o(.text)
    .text                                    0x080028c0   Section        0  path.o(.text)
    .text                                    0x080029f0   Section        0  wifi.o(.text)
    .text                                    0x08002bc0   Section        0  uart2.o(.text)
    .text                                    0x08002cf4   Section        0  uart1.o(.text)
    .text                                    0x08002e28   Section        2  use_no_semi_2.o(.text)
    .text                                    0x08002e2c   Section        0  noretval__2sprintf.o(.text)
    .text                                    0x08002e54   Section        0  __printf.o(.text)
    .text                                    0x08002ebc   Section        0  _printf_dec.o(.text)
    .text                                    0x08002f34   Section        0  strlen.o(.text)
    .text                                    0x08002f72   Section        0  heapauxi.o(.text)
    .text                                    0x08002f78   Section        2  use_no_semi.o(.text)
    .text                                    0x08002f7a   Section        0  _printf_intcommon.o(.text)
    .text                                    0x0800302c   Section        0  _printf_fp_dec.o(.text)
    _fp_digits                               0x0800302f   Thumb Code   428  _printf_fp_dec.o(.text)
    .text                                    0x08003448   Section        0  _printf_char_common.o(.text)
    _printf_input_char                       0x08003449   Thumb Code    10  _printf_char_common.o(.text)
    .text                                    0x08003478   Section        0  _sputc.o(.text)
    .text                                    0x08003484   Section        8  rt_locale_intlibspace.o(.text)
    .text                                    0x0800348c   Section      138  lludiv10.o(.text)
    .text                                    0x08003518   Section        0  _printf_fp_infnan.o(.text)
    .text                                    0x08003598   Section        0  bigflt0.o(.text)
    .text                                    0x08003674   Section        8  libspace.o(.text)
    .text                                    0x0800367c   Section       74  sys_stackheap_outer.o(.text)
    .text                                    0x080036c6   Section        0  exit.o(.text)
    .text                                    0x080036d4   Section      128  strcmpv7m.o(.text)
    CL$$btod_d2e                             0x08003754   Section       62  btod.o(CL$$btod_d2e)
    CL$$btod_d2e_denorm_low                  0x08003792   Section       70  btod.o(CL$$btod_d2e_denorm_low)
    CL$$btod_d2e_norm_op1                    0x080037d8   Section       96  btod.o(CL$$btod_d2e_norm_op1)
    CL$$btod_div_common                      0x08003838   Section      824  btod.o(CL$$btod_div_common)
    CL$$btod_e2e                             0x08003b70   Section      198  btod.o(CL$$btod_e2e)
    CL$$btod_ediv                            0x08003c36   Section       40  btod.o(CL$$btod_ediv)
    CL$$btod_emul                            0x08003c5e   Section       40  btod.o(CL$$btod_emul)
    CL$$btod_mult_common                     0x08003c86   Section      580  btod.o(CL$$btod_mult_common)
    i.__ARM_fpclassify                       0x08003eca   Section        0  fpclassify.o(i.__ARM_fpclassify)
    locale$$code                             0x08003efc   Section       44  lc_numeric_c.o(locale$$code)
    x$fpl$d2f                                0x08003f28   Section       98  d2f.o(x$fpl$d2f)
    $v0                                      0x08003f28   Number         0  d2f.o(x$fpl$d2f)
    x$fpl$ddiv                               0x08003f8c   Section      688  ddiv.o(x$fpl$ddiv)
    $v0                                      0x08003f8c   Number         0  ddiv.o(x$fpl$ddiv)
    ddiv_entry                               0x08003f93   Thumb Code     0  ddiv.o(x$fpl$ddiv)
    x$fpl$dfltu                              0x0800423c   Section       38  dflt_clz.o(x$fpl$dfltu)
    $v0                                      0x0800423c   Number         0  dflt_clz.o(x$fpl$dfltu)
    x$fpl$dnaninf                            0x08004262   Section      156  dnaninf.o(x$fpl$dnaninf)
    $v0                                      0x08004262   Number         0  dnaninf.o(x$fpl$dnaninf)
    x$fpl$dretinf                            0x080042fe   Section       12  dretinf.o(x$fpl$dretinf)
    $v0                                      0x080042fe   Number         0  dretinf.o(x$fpl$dretinf)
    x$fpl$f2d                                0x0800430c   Section       86  f2d.o(x$fpl$f2d)
    $v0                                      0x0800430c   Number         0  f2d.o(x$fpl$f2d)
    x$fpl$fnaninf                            0x08004362   Section      140  fnaninf.o(x$fpl$fnaninf)
    $v0                                      0x08004362   Number         0  fnaninf.o(x$fpl$fnaninf)
    x$fpl$fpinit                             0x080043ee   Section       10  fpinit.o(x$fpl$fpinit)
    $v0                                      0x080043ee   Number         0  fpinit.o(x$fpl$fpinit)
    x$fpl$fretinf                            0x080043f8   Section       10  fretinf.o(x$fpl$fretinf)
    $v0                                      0x080043f8   Number         0  fretinf.o(x$fpl$fretinf)
    x$fpl$printf1                            0x08004402   Section        4  printf1.o(x$fpl$printf1)
    $v0                                      0x08004402   Number         0  printf1.o(x$fpl$printf1)
    x$fpl$usenofp                            0x08004406   Section        0  usenofp.o(x$fpl$usenofp)
    .constdata                               0x08004408   Section      148  bigflt0.o(.constdata)
    tenpwrs_x                                0x08004408   Data          60  bigflt0.o(.constdata)
    tenpwrs_i                                0x08004444   Data          64  bigflt0.o(.constdata)
    locale$$data                             0x080044bc   Section       28  lc_numeric_c.o(locale$$data)
    __lcnum_c_name                           0x080044c0   Data           2  lc_numeric_c.o(locale$$data)
    __lcnum_c_start                          0x080044c8   Data           0  lc_numeric_c.o(locale$$data)
    __lcnum_c_point                          0x080044d4   Data           0  lc_numeric_c.o(locale$$data)
    __lcnum_c_thousands                      0x080044d6   Data           0  lc_numeric_c.o(locale$$data)
    __lcnum_c_grouping                       0x080044d7   Data           0  lc_numeric_c.o(locale$$data)
    __lcnum_c_end                            0x080044d8   Data           0  lc_numeric_c.o(locale$$data)
    .data                                    0x20000000   Section        4  main.o(.data)
    cpu_counter                              0x20000000   Data           4  main.o(.data)
    .data                                    0x20000004   Section       20  system_stm32f4xx.o(.data)
    .data                                    0x20000018   Section       16  stm32f4xx_rcc.o(.data)
    APBAHBPrescTable                         0x20000018   Data          16  stm32f4xx_rcc.o(.data)
    .data                                    0x20000028   Section        4  delay.o(.data)
    fac_us                                   0x20000028   Data           1  delay.o(.data)
    fac_ms                                   0x2000002a   Data           2  delay.o(.data)
    .data                                    0x2000002c   Section        2  hcsr04.o(.data)
    .data                                    0x20000030   Section        4  path.o(.data)
    .data                                    0x20000034   Section        5  wifi.o(.data)
    .data                                    0x2000003a   Section        2  uart2.o(.data)
    .data                                    0x2000003c   Section        2  uart1.o(.data)
    .bss                                     0x20000040   Section      112  main.o(.bss)
    .bss                                     0x200000b0   Section      100  wifi.o(.bss)
    .bss                                     0x20000114   Section      200  uart2.o(.bss)
    .bss                                     0x200001dc   Section      200  uart1.o(.bss)
    .bss                                     0x200002a4   Section       96  libspace.o(.bss)
    HEAP                                     0x20000308   Section      512  startup_stm32f40_41xxx.o(HEAP)
    Heap_Mem                                 0x20000308   Data         512  startup_stm32f40_41xxx.o(HEAP)
    STACK                                    0x20000508   Section     1024  startup_stm32f40_41xxx.o(STACK)
    Stack_Mem                                0x20000508   Data        1024  startup_stm32f40_41xxx.o(STACK)
    __initial_sp                             0x20000908   Data           0  startup_stm32f40_41xxx.o(STACK)

    Global Symbols

    Symbol Name                              Value     Ov Type        Size  Object(Section)

    BuildAttributes$$THM_ISAv4$E$P$D$K$B$S$7EM$VFPi3$EXTD16$VFPS$VFMA$PE$A:L22UL41UL21$X:L11$S22US41US21$IEEE1$IW$USESV6$~STKCKD$USESV7$~SHL$OTIME$ROPI$IEEEJ$EBA8$UX$STANDARDLIB$REQ8$PRES8$EABIv2 0x00000000   Number         0  anon$$obj.o ABSOLUTE
    __ARM_use_no_argv                        0x00000000   Number         0  main.o ABSOLUTE
    __ARM_exceptions_init                     - Undefined Weak Reference
    __alloca_initialize                       - Undefined Weak Reference
    __arm_preinit_                            - Undefined Weak Reference
    __cpp_initialize__aeabi_                  - Undefined Weak Reference
    __cxa_finalize                            - Undefined Weak Reference
    __sigvec_lookup                           - Undefined Weak Reference
    _atexit_init                              - Undefined Weak Reference
    _call_atexit_fns                          - Undefined Weak Reference
    _clock_init                               - Undefined Weak Reference
    _fp_trap_init                             - Undefined Weak Reference
    _fp_trap_shutdown                         - Undefined Weak Reference
    _get_lc_collate                           - Undefined Weak Reference
    _get_lc_ctype                             - Undefined Weak Reference
    _get_lc_monetary                          - Undefined Weak Reference
    _get_lc_time                              - Undefined Weak Reference
    _getenv_init                              - Undefined Weak Reference
    _handle_redirection                       - Undefined Weak Reference
    _init_alloc                               - Undefined Weak Reference
    _init_user_alloc                          - Undefined Weak Reference
    _initio                                   - Undefined Weak Reference
    _printf_post_padding                      - Undefined Weak Reference
    _printf_pre_padding                       - Undefined Weak Reference
    _printf_truncate_signed                   - Undefined Weak Reference
    _printf_truncate_unsigned                 - Undefined Weak Reference
    _rand_init                                - Undefined Weak Reference
    _signal_finish                            - Undefined Weak Reference
    _signal_init                              - Undefined Weak Reference
    _terminate_alloc                          - Undefined Weak Reference
    _terminate_user_alloc                     - Undefined Weak Reference
    _terminateio                              - Undefined Weak Reference
    __Vectors_Size                           0x00000188   Number         0  startup_stm32f40_41xxx.o ABSOLUTE
    __Vectors                                0x08000000   Data           4  startup_stm32f40_41xxx.o(RESET)
    __Vectors_End                            0x08000188   Data           0  startup_stm32f40_41xxx.o(RESET)
    __main                                   0x08000189   Thumb Code     8  __main.o(!!!main)
    __scatterload                            0x08000191   Thumb Code     0  __scatter.o(!!!scatter)
    __scatterload_rt2                        0x08000191   Thumb Code    44  __scatter.o(!!!scatter)
    __scatterload_rt2_thumb_only             0x08000191   Thumb Code     0  __scatter.o(!!!scatter)
    __scatterload_null                       0x0800019f   Thumb Code     0  __scatter.o(!!!scatter)
    __scatterload_copy                       0x080001c5   Thumb Code    26  __scatter_copy.o(!!handler_copy)
    __scatterload_zeroinit                   0x080001e1   Thumb Code    28  __scatter_zi.o(!!handler_zi)
    _printf_f                                0x080001fd   Thumb Code     0  _printf_f.o(.ARM.Collect$$_printf_percent$$00000003)
    _printf_percent                          0x080001fd   Thumb Code     0  _printf_percent.o(.ARM.Collect$$_printf_percent$$00000000)
    _printf_d                                0x08000203   Thumb Code     0  _printf_d.o(.ARM.Collect$$_printf_percent$$00000009)
    _printf_percent_end                      0x08000209   Thumb Code     0  _printf_percent_end.o(.ARM.Collect$$_printf_percent$$00000017)
    __rt_lib_init                            0x0800020d   Thumb Code     0  libinit.o(.ARM.Collect$$libinit$$00000000)
    __rt_lib_init_fp_1                       0x0800020f   Thumb Code     0  libinit2.o(.ARM.Collect$$libinit$$00000001)
    __rt_lib_init_heap_1                     0x08000213   Thumb Code     0  libinit2.o(.ARM.Collect$$libinit$$0000000A)
    __rt_lib_init_lc_common                  0x08000213   Thumb Code     0  libinit2.o(.ARM.Collect$$libinit$$0000000F)
    __rt_lib_init_preinit_1                  0x08000213   Thumb Code     0  libinit2.o(.ARM.Collect$$libinit$$00000004)
    __rt_lib_init_rand_1                     0x08000213   Thumb Code     0  libinit2.o(.ARM.Collect$$libinit$$0000000E)
    __rt_lib_init_user_alloc_1               0x08000213   Thumb Code     0  libinit2.o(.ARM.Collect$$libinit$$0000000C)
    __rt_lib_init_lc_collate_1               0x08000219   Thumb Code     0  libinit2.o(.ARM.Collect$$libinit$$00000011)
    __rt_lib_init_lc_ctype_1                 0x08000219   Thumb Code     0  libinit2.o(.ARM.Collect$$libinit$$00000013)
    __rt_lib_init_lc_monetary_1              0x08000219   Thumb Code     0  libinit2.o(.ARM.Collect$$libinit$$00000015)
    __rt_lib_init_lc_numeric_2               0x08000219   Thumb Code     0  libinit2.o(.ARM.Collect$$libinit$$00000016)
    __rt_lib_init_alloca_1                   0x08000223   Thumb Code     0  libinit2.o(.ARM.Collect$$libinit$$0000002E)
    __rt_lib_init_argv_1                     0x08000223   Thumb Code     0  libinit2.o(.ARM.Collect$$libinit$$0000002C)
    __rt_lib_init_atexit_1                   0x08000223   Thumb Code     0  libinit2.o(.ARM.Collect$$libinit$$0000001B)
    __rt_lib_init_clock_1                    0x08000223   Thumb Code     0  libinit2.o(.ARM.Collect$$libinit$$00000021)
    __rt_lib_init_cpp_1                      0x08000223   Thumb Code     0  libinit2.o(.ARM.Collect$$libinit$$00000032)
    __rt_lib_init_exceptions_1               0x08000223   Thumb Code     0  libinit2.o(.ARM.Collect$$libinit$$00000030)
    __rt_lib_init_fp_trap_1                  0x08000223   Thumb Code     0  libinit2.o(.ARM.Collect$$libinit$$0000001F)
    __rt_lib_init_getenv_1                   0x08000223   Thumb Code     0  libinit2.o(.ARM.Collect$$libinit$$00000023)
    __rt_lib_init_lc_numeric_1               0x08000223   Thumb Code     0  libinit2.o(.ARM.Collect$$libinit$$00000017)
    __rt_lib_init_lc_time_1                  0x08000223   Thumb Code     0  libinit2.o(.ARM.Collect$$libinit$$00000019)
    __rt_lib_init_return                     0x08000223   Thumb Code     0  libinit2.o(.ARM.Collect$$libinit$$00000033)
    __rt_lib_init_signal_1                   0x08000223   Thumb Code     0  libinit2.o(.ARM.Collect$$libinit$$0000001D)
    __rt_lib_init_stdio_1                    0x08000223   Thumb Code     0  libinit2.o(.ARM.Collect$$libinit$$00000025)
    __rt_lib_shutdown                        0x08000225   Thumb Code     0  libshutdown.o(.ARM.Collect$$libshutdown$$00000000)
    __rt_lib_shutdown_fp_trap_1              0x08000227   Thumb Code     0  libshutdown2.o(.ARM.Collect$$libshutdown$$00000006)
    __rt_lib_shutdown_heap_1                 0x08000227   Thumb Code     0  libshutdown2.o(.ARM.Collect$$libshutdown$$0000000E)
    __rt_lib_shutdown_return                 0x08000227   Thumb Code     0  libshutdown2.o(.ARM.Collect$$libshutdown$$0000000F)
    __rt_lib_shutdown_signal_1               0x08000227   Thumb Code     0  libshutdown2.o(.ARM.Collect$$libshutdown$$00000009)
    __rt_lib_shutdown_stdio_1                0x08000227   Thumb Code     0  libshutdown2.o(.ARM.Collect$$libshutdown$$00000003)
    __rt_lib_shutdown_user_alloc_1           0x08000227   Thumb Code     0  libshutdown2.o(.ARM.Collect$$libshutdown$$0000000B)
    __rt_entry                               0x08000229   Thumb Code     0  __rtentry.o(.ARM.Collect$$rtentry$$00000000)
    __rt_entry_presh_1                       0x08000229   Thumb Code     0  __rtentry2.o(.ARM.Collect$$rtentry$$00000002)
    __rt_entry_sh                            0x08000229   Thumb Code     0  __rtentry4.o(.ARM.Collect$$rtentry$$00000004)
    __rt_entry_li                            0x0800022f   Thumb Code     0  __rtentry2.o(.ARM.Collect$$rtentry$$0000000A)
    __rt_entry_postsh_1                      0x0800022f   Thumb Code     0  __rtentry2.o(.ARM.Collect$$rtentry$$00000009)
    __rt_entry_main                          0x08000233   Thumb Code     0  __rtentry2.o(.ARM.Collect$$rtentry$$0000000D)
    __rt_entry_postli_1                      0x08000233   Thumb Code     0  __rtentry2.o(.ARM.Collect$$rtentry$$0000000C)
    __rt_exit                                0x0800023b   Thumb Code     0  rtexit.o(.ARM.Collect$$rtexit$$00000000)
    __rt_exit_ls                             0x0800023d   Thumb Code     0  rtexit2.o(.ARM.Collect$$rtexit$$00000003)
    __rt_exit_prels_1                        0x0800023d   Thumb Code     0  rtexit2.o(.ARM.Collect$$rtexit$$00000002)
    __rt_exit_exit                           0x08000241   Thumb Code     0  rtexit2.o(.ARM.Collect$$rtexit$$00000004)
    sonic_measure_handler                    0x08000249   Thumb Code    18  main.o(.text)
    test_print                               0x0800025b   Thumb Code    88  main.o(.text)
    init_handler                             0x080002b3   Thumb Code    50  main.o(.text)
    main                                     0x080002e5   Thumb Code   170  main.o(.text)
    timer2_handler                           0x0800038f   Thumb Code     2  main.o(.text)
    NMI_Handler                              0x080003e1   Thumb Code     2  stm32f4xx_it.o(.text)
    HardFault_Handler                        0x080003e3   Thumb Code     4  stm32f4xx_it.o(.text)
    MemManage_Handler                        0x080003e7   Thumb Code     4  stm32f4xx_it.o(.text)
    BusFault_Handler                         0x080003eb   Thumb Code     4  stm32f4xx_it.o(.text)
    UsageFault_Handler                       0x080003ef   Thumb Code     4  stm32f4xx_it.o(.text)
    SVC_Handler                              0x080003f3   Thumb Code     2  stm32f4xx_it.o(.text)
    DebugMon_Handler                         0x080003f5   Thumb Code     2  stm32f4xx_it.o(.text)
    PendSV_Handler                           0x080003f7   Thumb Code     2  stm32f4xx_it.o(.text)
    SysTick_Handler                          0x080003f9   Thumb Code     2  stm32f4xx_it.o(.text)
    SystemInit                               0x080004d9   Thumb Code    88  system_stm32f4xx.o(.text)
    SystemCoreClockUpdate                    0x08000531   Thumb Code   174  system_stm32f4xx.o(.text)
    Reset_Handler                            0x0800060d   Thumb Code     8  startup_stm32f40_41xxx.o(.text)
    ADC_IRQHandler                           0x08000627   Thumb Code     0  startup_stm32f40_41xxx.o(.text)
    CAN1_RX0_IRQHandler                      0x08000627   Thumb Code     0  startup_stm32f40_41xxx.o(.text)
    CAN1_RX1_IRQHandler                      0x08000627   Thumb Code     0  startup_stm32f40_41xxx.o(.text)
    CAN1_SCE_IRQHandler                      0x08000627   Thumb Code     0  startup_stm32f40_41xxx.o(.text)
    CAN1_TX_IRQHandler                       0x08000627   Thumb Code     0  startup_stm32f40_41xxx.o(.text)
    CAN2_RX0_IRQHandler                      0x08000627   Thumb Code     0  startup_stm32f40_41xxx.o(.text)
    CAN2_RX1_IRQHandler                      0x08000627   Thumb Code     0  startup_stm32f40_41xxx.o(.text)
    CAN2_SCE_IRQHandler                      0x08000627   Thumb Code     0  startup_stm32f40_41xxx.o(.text)
    CAN2_TX_IRQHandler                       0x08000627   Thumb Code     0  startup_stm32f40_41xxx.o(.text)
    CRYP_IRQHandler                          0x08000627   Thumb Code     0  startup_stm32f40_41xxx.o(.text)
    DCMI_IRQHandler                          0x08000627   Thumb Code     0  startup_stm32f40_41xxx.o(.text)
    DMA1_Stream0_IRQHandler                  0x08000627   Thumb Code     0  startup_stm32f40_41xxx.o(.text)
    DMA1_Stream1_IRQHandler                  0x08000627   Thumb Code     0  startup_stm32f40_41xxx.o(.text)
    DMA1_Stream2_IRQHandler                  0x08000627   Thumb Code     0  startup_stm32f40_41xxx.o(.text)
    DMA1_Stream3_IRQHandler                  0x08000627   Thumb Code     0  startup_stm32f40_41xxx.o(.text)
    DMA1_Stream4_IRQHandler                  0x08000627   Thumb Code     0  startup_stm32f40_41xxx.o(.text)
    DMA1_Stream5_IRQHandler                  0x08000627   Thumb Code     0  startup_stm32f40_41xxx.o(.text)
    DMA1_Stream6_IRQHandler                  0x08000627   Thumb Code     0  startup_stm32f40_41xxx.o(.text)
    DMA1_Stream7_IRQHandler                  0x08000627   Thumb Code     0  startup_stm32f40_41xxx.o(.text)
    DMA2_Stream0_IRQHandler                  0x08000627   Thumb Code     0  startup_stm32f40_41xxx.o(.text)
    DMA2_Stream1_IRQHandler                  0x08000627   Thumb Code     0  startup_stm32f40_41xxx.o(.text)
    DMA2_Stream2_IRQHandler                  0x08000627   Thumb Code     0  startup_stm32f40_41xxx.o(.text)
    DMA2_Stream3_IRQHandler                  0x08000627   Thumb Code     0  startup_stm32f40_41xxx.o(.text)
    DMA2_Stream4_IRQHandler                  0x08000627   Thumb Code     0  startup_stm32f40_41xxx.o(.text)
    DMA2_Stream5_IRQHandler                  0x08000627   Thumb Code     0  startup_stm32f40_41xxx.o(.text)
    DMA2_Stream6_IRQHandler                  0x08000627   Thumb Code     0  startup_stm32f40_41xxx.o(.text)
    DMA2_Stream7_IRQHandler                  0x08000627   Thumb Code     0  startup_stm32f40_41xxx.o(.text)
    ETH_IRQHandler                           0x08000627   Thumb Code     0  startup_stm32f40_41xxx.o(.text)
    ETH_WKUP_IRQHandler                      0x08000627   Thumb Code     0  startup_stm32f40_41xxx.o(.text)
    EXTI0_IRQHandler                         0x08000627   Thumb Code     0  startup_stm32f40_41xxx.o(.text)
    EXTI15_10_IRQHandler                     0x08000627   Thumb Code     0  startup_stm32f40_41xxx.o(.text)
    EXTI1_IRQHandler                         0x08000627   Thumb Code     0  startup_stm32f40_41xxx.o(.text)
    EXTI2_IRQHandler                         0x08000627   Thumb Code     0  startup_stm32f40_41xxx.o(.text)
    EXTI3_IRQHandler                         0x08000627   Thumb Code     0  startup_stm32f40_41xxx.o(.text)
    EXTI4_IRQHandler                         0x08000627   Thumb Code     0  startup_stm32f40_41xxx.o(.text)
    EXTI9_5_IRQHandler                       0x08000627   Thumb Code     0  startup_stm32f40_41xxx.o(.text)
    FLASH_IRQHandler                         0x08000627   Thumb Code     0  startup_stm32f40_41xxx.o(.text)
    FPU_IRQHandler                           0x08000627   Thumb Code     0  startup_stm32f40_41xxx.o(.text)
    FSMC_IRQHandler                          0x08000627   Thumb Code     0  startup_stm32f40_41xxx.o(.text)
    HASH_RNG_IRQHandler                      0x08000627   Thumb Code     0  startup_stm32f40_41xxx.o(.text)
    I2C1_ER_IRQHandler                       0x08000627   Thumb Code     0  startup_stm32f40_41xxx.o(.text)
    I2C1_EV_IRQHandler                       0x08000627   Thumb Code     0  startup_stm32f40_41xxx.o(.text)
    I2C2_ER_IRQHandler                       0x08000627   Thumb Code     0  startup_stm32f40_41xxx.o(.text)
    I2C2_EV_IRQHandler                       0x08000627   Thumb Code     0  startup_stm32f40_41xxx.o(.text)
    I2C3_ER_IRQHandler                       0x08000627   Thumb Code     0  startup_stm32f40_41xxx.o(.text)
    I2C3_EV_IRQHandler                       0x08000627   Thumb Code     0  startup_stm32f40_41xxx.o(.text)
    OTG_FS_IRQHandler                        0x08000627   Thumb Code     0  startup_stm32f40_41xxx.o(.text)
    OTG_FS_WKUP_IRQHandler                   0x08000627   Thumb Code     0  startup_stm32f40_41xxx.o(.text)
    OTG_HS_EP1_IN_IRQHandler                 0x08000627   Thumb Code     0  startup_stm32f40_41xxx.o(.text)
    OTG_HS_EP1_OUT_IRQHandler                0x08000627   Thumb Code     0  startup_stm32f40_41xxx.o(.text)
    OTG_HS_IRQHandler                        0x08000627   Thumb Code     0  startup_stm32f40_41xxx.o(.text)
    OTG_HS_WKUP_IRQHandler                   0x08000627   Thumb Code     0  startup_stm32f40_41xxx.o(.text)
    PVD_IRQHandler                           0x08000627   Thumb Code     0  startup_stm32f40_41xxx.o(.text)
    RCC_IRQHandler                           0x08000627   Thumb Code     0  startup_stm32f40_41xxx.o(.text)
    RTC_Alarm_IRQHandler                     0x08000627   Thumb Code     0  startup_stm32f40_41xxx.o(.text)
    RTC_WKUP_IRQHandler                      0x08000627   Thumb Code     0  startup_stm32f40_41xxx.o(.text)
    SDIO_IRQHandler                          0x08000627   Thumb Code     0  startup_stm32f40_41xxx.o(.text)
    SPI1_IRQHandler                          0x08000627   Thumb Code     0  startup_stm32f40_41xxx.o(.text)
    SPI2_IRQHandler                          0x08000627   Thumb Code     0  startup_stm32f40_41xxx.o(.text)
    SPI3_IRQHandler                          0x08000627   Thumb Code     0  startup_stm32f40_41xxx.o(.text)
    TAMP_STAMP_IRQHandler                    0x08000627   Thumb Code     0  startup_stm32f40_41xxx.o(.text)
    TIM1_BRK_TIM9_IRQHandler                 0x08000627   Thumb Code     0  startup_stm32f40_41xxx.o(.text)
    TIM1_CC_IRQHandler                       0x08000627   Thumb Code     0  startup_stm32f40_41xxx.o(.text)
    TIM1_TRG_COM_TIM11_IRQHandler            0x08000627   Thumb Code     0  startup_stm32f40_41xxx.o(.text)
    TIM1_UP_TIM10_IRQHandler                 0x08000627   Thumb Code     0  startup_stm32f40_41xxx.o(.text)
    TIM2_IRQHandler                          0x08000627   Thumb Code     0  startup_stm32f40_41xxx.o(.text)
    TIM5_IRQHandler                          0x08000627   Thumb Code     0  startup_stm32f40_41xxx.o(.text)
    TIM6_DAC_IRQHandler                      0x08000627   Thumb Code     0  startup_stm32f40_41xxx.o(.text)
    TIM7_IRQHandler                          0x08000627   Thumb Code     0  startup_stm32f40_41xxx.o(.text)
    TIM8_BRK_TIM12_IRQHandler                0x08000627   Thumb Code     0  startup_stm32f40_41xxx.o(.text)
    TIM8_CC_IRQHandler                       0x08000627   Thumb Code     0  startup_stm32f40_41xxx.o(.text)
    TIM8_TRG_COM_TIM14_IRQHandler            0x08000627   Thumb Code     0  startup_stm32f40_41xxx.o(.text)
    TIM8_UP_TIM13_IRQHandler                 0x08000627   Thumb Code     0  startup_stm32f40_41xxx.o(.text)
    UART4_IRQHandler                         0x08000627   Thumb Code     0  startup_stm32f40_41xxx.o(.text)
    UART5_IRQHandler                         0x08000627   Thumb Code     0  startup_stm32f40_41xxx.o(.text)
    USART3_IRQHandler                        0x08000627   Thumb Code     0  startup_stm32f40_41xxx.o(.text)
    USART6_IRQHandler                        0x08000627   Thumb Code     0  startup_stm32f40_41xxx.o(.text)
    WWDG_IRQHandler                          0x08000627   Thumb Code     0  startup_stm32f40_41xxx.o(.text)
    __user_initial_stackheap                 0x08000629   Thumb Code     0  startup_stm32f40_41xxx.o(.text)
    NVIC_PriorityGroupConfig                 0x0800064d   Thumb Code    10  misc.o(.text)
    NVIC_Init                                0x08000657   Thumb Code   106  misc.o(.text)
    NVIC_SetVectorTable                      0x080006c1   Thumb Code    14  misc.o(.text)
    NVIC_SystemLPConfig                      0x080006cf   Thumb Code    34  misc.o(.text)
    SysTick_CLKSourceConfig                  0x080006f1   Thumb Code    40  misc.o(.text)
    GPIO_DeInit                              0x0800072d   Thumb Code   268  stm32f4xx_gpio.o(.text)
    GPIO_Init                                0x08000839   Thumb Code   144  stm32f4xx_gpio.o(.text)
    GPIO_StructInit                          0x080008c9   Thumb Code    18  stm32f4xx_gpio.o(.text)
    GPIO_PinLockConfig                       0x080008db   Thumb Code    34  stm32f4xx_gpio.o(.text)
    GPIO_ReadInputDataBit                    0x080008fd   Thumb Code    18  stm32f4xx_gpio.o(.text)
    GPIO_ReadInputData                       0x0800090f   Thumb Code     8  stm32f4xx_gpio.o(.text)
    GPIO_ReadOutputDataBit                   0x08000917   Thumb Code    18  stm32f4xx_gpio.o(.text)
    GPIO_ReadOutputData                      0x08000929   Thumb Code     8  stm32f4xx_gpio.o(.text)
    GPIO_SetBits                             0x08000931   Thumb Code     4  stm32f4xx_gpio.o(.text)
    GPIO_ResetBits                           0x08000935   Thumb Code     4  stm32f4xx_gpio.o(.text)
    GPIO_WriteBit                            0x08000939   Thumb Code    10  stm32f4xx_gpio.o(.text)
    GPIO_Write                               0x08000943   Thumb Code     4  stm32f4xx_gpio.o(.text)
    GPIO_ToggleBits                          0x08000947   Thumb Code     8  stm32f4xx_gpio.o(.text)
    GPIO_PinAFConfig                         0x0800094f   Thumb Code    70  stm32f4xx_gpio.o(.text)
    RCC_DeInit                               0x080009c1   Thumb Code    82  stm32f4xx_rcc.o(.text)
    RCC_HSEConfig                            0x08000a13   Thumb Code    14  stm32f4xx_rcc.o(.text)
    RCC_GetFlagStatus                        0x08000a21   Thumb Code    60  stm32f4xx_rcc.o(.text)
    RCC_WaitForHSEStartUp                    0x08000a5d   Thumb Code    56  stm32f4xx_rcc.o(.text)
    RCC_AdjustHSICalibrationValue            0x08000a95   Thumb Code    20  stm32f4xx_rcc.o(.text)
    RCC_HSICmd                               0x08000aa9   Thumb Code     6  stm32f4xx_rcc.o(.text)
    RCC_LSEConfig                            0x08000aaf   Thumb Code    46  stm32f4xx_rcc.o(.text)
    RCC_LSICmd                               0x08000add   Thumb Code     6  stm32f4xx_rcc.o(.text)
    RCC_PLLConfig                            0x08000ae3   Thumb Code    32  stm32f4xx_rcc.o(.text)
    RCC_PLLCmd                               0x08000b03   Thumb Code     6  stm32f4xx_rcc.o(.text)
    RCC_PLLI2SConfig                         0x08000b09   Thumb Code    14  stm32f4xx_rcc.o(.text)
    RCC_PLLI2SCmd                            0x08000b17   Thumb Code     6  stm32f4xx_rcc.o(.text)
    RCC_PLLSAIConfig                         0x08000b1d   Thumb Code    20  stm32f4xx_rcc.o(.text)
    RCC_PLLSAICmd                            0x08000b31   Thumb Code     6  stm32f4xx_rcc.o(.text)
    RCC_ClockSecuritySystemCmd               0x08000b37   Thumb Code     6  stm32f4xx_rcc.o(.text)
    RCC_MCO1Config                           0x08000b3d   Thumb Code    28  stm32f4xx_rcc.o(.text)
    RCC_MCO2Config                           0x08000b59   Thumb Code    28  stm32f4xx_rcc.o(.text)
    RCC_SYSCLKConfig                         0x08000b75   Thumb Code    20  stm32f4xx_rcc.o(.text)
    RCC_GetSYSCLKSource                      0x08000b89   Thumb Code    12  stm32f4xx_rcc.o(.text)
    RCC_HCLKConfig                           0x08000b95   Thumb Code    20  stm32f4xx_rcc.o(.text)
    RCC_PCLK1Config                          0x08000ba9   Thumb Code    20  stm32f4xx_rcc.o(.text)
    RCC_PCLK2Config                          0x08000bbd   Thumb Code    22  stm32f4xx_rcc.o(.text)
    RCC_GetClocksFreq                        0x08000bd3   Thumb Code   222  stm32f4xx_rcc.o(.text)
    RCC_RTCCLKConfig                         0x08000cb1   Thumb Code    54  stm32f4xx_rcc.o(.text)
    RCC_RTCCLKCmd                            0x08000ce7   Thumb Code     8  stm32f4xx_rcc.o(.text)
    RCC_BackupResetCmd                       0x08000cef   Thumb Code     8  stm32f4xx_rcc.o(.text)
    RCC_I2SCLKConfig                         0x08000cf7   Thumb Code     6  stm32f4xx_rcc.o(.text)
    RCC_SAIPLLI2SClkDivConfig                0x08000cfd   Thumb Code    26  stm32f4xx_rcc.o(.text)
    RCC_SAIPLLSAIClkDivConfig                0x08000d17   Thumb Code    28  stm32f4xx_rcc.o(.text)
    RCC_SAIBlockACLKConfig                   0x08000d33   Thumb Code    20  stm32f4xx_rcc.o(.text)
    RCC_SAIBlockBCLKConfig                   0x08000d47   Thumb Code    20  stm32f4xx_rcc.o(.text)
    RCC_LTDCCLKDivConfig                     0x08000d5b   Thumb Code    20  stm32f4xx_rcc.o(.text)
    RCC_TIMCLKPresConfig                     0x08000d6f   Thumb Code     6  stm32f4xx_rcc.o(.text)
    RCC_AHB1PeriphClockCmd                   0x08000d75   Thumb Code    34  stm32f4xx_rcc.o(.text)
    RCC_AHB2PeriphClockCmd                   0x08000d97   Thumb Code    78  stm32f4xx_rcc.o(.text)
    RCC_AHB3PeriphClockCmd                   0x08000de5   Thumb Code    34  stm32f4xx_rcc.o(.text)
    RCC_APB1PeriphClockCmd                   0x08000e07   Thumb Code    34  stm32f4xx_rcc.o(.text)
    RCC_APB2PeriphClockCmd                   0x08000e29   Thumb Code    34  stm32f4xx_rcc.o(.text)
    RCC_AHB1PeriphResetCmd                   0x08000e4b   Thumb Code    34  stm32f4xx_rcc.o(.text)
    RCC_AHB2PeriphResetCmd                   0x08000e6d   Thumb Code    34  stm32f4xx_rcc.o(.text)
    RCC_AHB3PeriphResetCmd                   0x08000e8f   Thumb Code    34  stm32f4xx_rcc.o(.text)
    RCC_APB1PeriphResetCmd                   0x08000eb1   Thumb Code    34  stm32f4xx_rcc.o(.text)
    RCC_APB2PeriphResetCmd                   0x08000ed3   Thumb Code    34  stm32f4xx_rcc.o(.text)
    RCC_AHB1PeriphClockLPModeCmd             0x08000ef5   Thumb Code    34  stm32f4xx_rcc.o(.text)
    RCC_AHB2PeriphClockLPModeCmd             0x08000f17   Thumb Code    34  stm32f4xx_rcc.o(.text)
    RCC_AHB3PeriphClockLPModeCmd             0x08000f39   Thumb Code    34  stm32f4xx_rcc.o(.text)
    RCC_APB1PeriphClockLPModeCmd             0x08000f5b   Thumb Code    34  stm32f4xx_rcc.o(.text)
    RCC_APB2PeriphClockLPModeCmd             0x08000f7d   Thumb Code    34  stm32f4xx_rcc.o(.text)
    RCC_LSEModeConfig                        0x08000f9f   Thumb Code    40  stm32f4xx_rcc.o(.text)
    RCC_ITConfig                             0x08000fc7   Thumb Code    34  stm32f4xx_rcc.o(.text)
    RCC_ClearFlag                            0x08000fe9   Thumb Code    18  stm32f4xx_rcc.o(.text)
    RCC_GetITStatus                          0x08000ffb   Thumb Code    22  stm32f4xx_rcc.o(.text)
    RCC_ClearITPendingBit                    0x08001011   Thumb Code     8  stm32f4xx_rcc.o(.text)
    TIM_DeInit                               0x0800101d   Thumb Code   346  stm32f4xx_tim.o(.text)
    TIM_TimeBaseInit                         0x08001177   Thumb Code   104  stm32f4xx_tim.o(.text)
    TIM_TimeBaseStructInit                   0x080011df   Thumb Code    18  stm32f4xx_tim.o(.text)
    TIM_PrescalerConfig                      0x080011f1   Thumb Code     6  stm32f4xx_tim.o(.text)
    TIM_CounterModeConfig                    0x080011f7   Thumb Code    18  stm32f4xx_tim.o(.text)
    TIM_SetCounter                           0x08001209   Thumb Code     4  stm32f4xx_tim.o(.text)
    TIM_SetAutoreload                        0x0800120d   Thumb Code     4  stm32f4xx_tim.o(.text)
    TIM_GetCounter                           0x08001211   Thumb Code     6  stm32f4xx_tim.o(.text)
    TIM_GetPrescaler                         0x08001217   Thumb Code     6  stm32f4xx_tim.o(.text)
    TIM_UpdateDisableConfig                  0x0800121d   Thumb Code    24  stm32f4xx_tim.o(.text)
    TIM_UpdateRequestConfig                  0x08001235   Thumb Code    24  stm32f4xx_tim.o(.text)
    TIM_ARRPreloadConfig                     0x0800124d   Thumb Code    24  stm32f4xx_tim.o(.text)
    TIM_SelectOnePulseMode                   0x08001265   Thumb Code    18  stm32f4xx_tim.o(.text)
    TIM_SetClockDivision                     0x08001277   Thumb Code    18  stm32f4xx_tim.o(.text)
    TIM_Cmd                                  0x08001289   Thumb Code    24  stm32f4xx_tim.o(.text)
    TIM_OC1Init                              0x080012a1   Thumb Code   114  stm32f4xx_tim.o(.text)
    TIM_OC2Init                              0x08001313   Thumb Code   154  stm32f4xx_tim.o(.text)
    TIM_OC3Init                              0x080013ad   Thumb Code   204  stm32f4xx_tim.o(.text)
    TIM_OC4Init                              0x08001479   Thumb Code   112  stm32f4xx_tim.o(.text)
    TIM_OCStructInit                         0x080014e9   Thumb Code    20  stm32f4xx_tim.o(.text)
    TIM_SelectOCxM                           0x080014fd   Thumb Code    86  stm32f4xx_tim.o(.text)
    TIM_SetCompare1                          0x08001553   Thumb Code     4  stm32f4xx_tim.o(.text)
    TIM_SetCompare2                          0x08001557   Thumb Code     4  stm32f4xx_tim.o(.text)
    TIM_SetCompare3                          0x0800155b   Thumb Code     4  stm32f4xx_tim.o(.text)
    TIM_SetCompare4                          0x0800155f   Thumb Code     4  stm32f4xx_tim.o(.text)
    TIM_ForcedOC1Config                      0x08001563   Thumb Code    18  stm32f4xx_tim.o(.text)
    TIM_ForcedOC2Config                      0x08001575   Thumb Code    26  stm32f4xx_tim.o(.text)
    TIM_ForcedOC3Config                      0x0800158f   Thumb Code    18  stm32f4xx_tim.o(.text)
    TIM_ForcedOC4Config                      0x080015a1   Thumb Code    26  stm32f4xx_tim.o(.text)
    TIM_OC1PreloadConfig                     0x080015bb   Thumb Code    18  stm32f4xx_tim.o(.text)
    TIM_OC2PreloadConfig                     0x080015cd   Thumb Code    26  stm32f4xx_tim.o(.text)
    TIM_OC3PreloadConfig                     0x080015e7   Thumb Code    18  stm32f4xx_tim.o(.text)
    TIM_OC4PreloadConfig                     0x080015f9   Thumb Code    26  stm32f4xx_tim.o(.text)
    TIM_OC1FastConfig                        0x08001613   Thumb Code    18  stm32f4xx_tim.o(.text)
    TIM_OC2FastConfig                        0x08001625   Thumb Code    26  stm32f4xx_tim.o(.text)
    TIM_OC3FastConfig                        0x0800163f   Thumb Code    18  stm32f4xx_tim.o(.text)
    TIM_OC4FastConfig                        0x08001651   Thumb Code    26  stm32f4xx_tim.o(.text)
    TIM_ClearOC1Ref                          0x0800166b   Thumb Code    18  stm32f4xx_tim.o(.text)
    TIM_ClearOC2Ref                          0x0800167d   Thumb Code    24  stm32f4xx_tim.o(.text)
    TIM_ClearOC3Ref                          0x08001695   Thumb Code    18  stm32f4xx_tim.o(.text)
    TIM_ClearOC4Ref                          0x080016a7   Thumb Code    24  stm32f4xx_tim.o(.text)
    TIM_OC1PolarityConfig                    0x080016bf   Thumb Code    18  stm32f4xx_tim.o(.text)
    TIM_OC1NPolarityConfig                   0x080016d1   Thumb Code    18  stm32f4xx_tim.o(.text)
    TIM_OC2PolarityConfig                    0x080016e3   Thumb Code    26  stm32f4xx_tim.o(.text)
    TIM_OC2NPolarityConfig                   0x080016fd   Thumb Code    26  stm32f4xx_tim.o(.text)
    TIM_OC3PolarityConfig                    0x08001717   Thumb Code    26  stm32f4xx_tim.o(.text)
    TIM_OC3NPolarityConfig                   0x08001731   Thumb Code    26  stm32f4xx_tim.o(.text)
    TIM_OC4PolarityConfig                    0x0800174b   Thumb Code    26  stm32f4xx_tim.o(.text)
    TIM_CCxCmd                               0x08001765   Thumb Code    30  stm32f4xx_tim.o(.text)
    TIM_CCxNCmd                              0x08001783   Thumb Code    30  stm32f4xx_tim.o(.text)
    TIM_SetIC4Prescaler                      0x080017a1   Thumb Code    26  stm32f4xx_tim.o(.text)
    TIM_SetIC3Prescaler                      0x0800180b   Thumb Code    18  stm32f4xx_tim.o(.text)
    TIM_SetIC2Prescaler                      0x08001865   Thumb Code    26  stm32f4xx_tim.o(.text)
    TIM_SetIC1Prescaler                      0x080018d9   Thumb Code    18  stm32f4xx_tim.o(.text)
    TIM_ICInit                               0x08001925   Thumb Code   110  stm32f4xx_tim.o(.text)
    TIM_ICStructInit                         0x08001993   Thumb Code    18  stm32f4xx_tim.o(.text)
    TIM_PWMIConfig                           0x080019a5   Thumb Code   124  stm32f4xx_tim.o(.text)
    TIM_GetCapture1                          0x08001a21   Thumb Code     6  stm32f4xx_tim.o(.text)
    TIM_GetCapture2                          0x08001a27   Thumb Code     6  stm32f4xx_tim.o(.text)
    TIM_GetCapture3                          0x08001a2d   Thumb Code     6  stm32f4xx_tim.o(.text)
    TIM_GetCapture4                          0x08001a33   Thumb Code     6  stm32f4xx_tim.o(.text)
    TIM_BDTRConfig                           0x08001a39   Thumb Code    32  stm32f4xx_tim.o(.text)
    TIM_BDTRStructInit                       0x08001a59   Thumb Code    18  stm32f4xx_tim.o(.text)
    TIM_CtrlPWMOutputs                       0x08001a6b   Thumb Code    30  stm32f4xx_tim.o(.text)
    TIM_SelectCOM                            0x08001a89   Thumb Code    24  stm32f4xx_tim.o(.text)
    TIM_CCPreloadControl                     0x08001aa1   Thumb Code    24  stm32f4xx_tim.o(.text)
    TIM_ITConfig                             0x08001ab9   Thumb Code    18  stm32f4xx_tim.o(.text)
    TIM_GenerateEvent                        0x08001acb   Thumb Code     4  stm32f4xx_tim.o(.text)
    TIM_GetFlagStatus                        0x08001acf   Thumb Code    18  stm32f4xx_tim.o(.text)
    TIM_ClearFlag                            0x08001ae1   Thumb Code     6  stm32f4xx_tim.o(.text)
    TIM_GetITStatus                          0x08001ae7   Thumb Code    34  stm32f4xx_tim.o(.text)
    TIM_ClearITPendingBit                    0x08001b09   Thumb Code     6  stm32f4xx_tim.o(.text)
    TIM_DMAConfig                            0x08001b0f   Thumb Code    10  stm32f4xx_tim.o(.text)
    TIM_DMACmd                               0x08001b19   Thumb Code    18  stm32f4xx_tim.o(.text)
    TIM_SelectCCDMA                          0x08001b2b   Thumb Code    24  stm32f4xx_tim.o(.text)
    TIM_InternalClockConfig                  0x08001b43   Thumb Code    12  stm32f4xx_tim.o(.text)
    TIM_SelectInputTrigger                   0x08001b4f   Thumb Code    18  stm32f4xx_tim.o(.text)
    TIM_ITRxExternalClockConfig              0x08001b61   Thumb Code    24  stm32f4xx_tim.o(.text)
    TIM_TIxExternalClockConfig               0x08001b79   Thumb Code    62  stm32f4xx_tim.o(.text)
    TIM_ETRConfig                            0x08001bb7   Thumb Code    28  stm32f4xx_tim.o(.text)
    TIM_ETRClockMode1Config                  0x08001bd3   Thumb Code    54  stm32f4xx_tim.o(.text)
    TIM_ETRClockMode2Config                  0x08001c09   Thumb Code    32  stm32f4xx_tim.o(.text)
    TIM_SelectOutputTrigger                  0x08001c29   Thumb Code    18  stm32f4xx_tim.o(.text)
    TIM_SelectSlaveMode                      0x08001c3b   Thumb Code    18  stm32f4xx_tim.o(.text)
    TIM_SelectMasterSlaveMode                0x08001c4d   Thumb Code    18  stm32f4xx_tim.o(.text)
    TIM_EncoderInterfaceConfig               0x08001c5f   Thumb Code    66  stm32f4xx_tim.o(.text)
    TIM_SelectHallSensor                     0x08001ca1   Thumb Code    24  stm32f4xx_tim.o(.text)
    TIM_RemapConfig                          0x08001cb9   Thumb Code     6  stm32f4xx_tim.o(.text)
    USART_DeInit                             0x08001cc1   Thumb Code   206  stm32f4xx_usart.o(.text)
    USART_Init                               0x08001d8f   Thumb Code   204  stm32f4xx_usart.o(.text)
    USART_StructInit                         0x08001e5b   Thumb Code    24  stm32f4xx_usart.o(.text)
    USART_ClockInit                          0x08001e73   Thumb Code    32  stm32f4xx_usart.o(.text)
    USART_ClockStructInit                    0x08001e93   Thumb Code    12  stm32f4xx_usart.o(.text)
    USART_Cmd                                0x08001e9f   Thumb Code    24  stm32f4xx_usart.o(.text)
    USART_SetPrescaler                       0x08001eb7   Thumb Code    16  stm32f4xx_usart.o(.text)
    USART_OverSampling8Cmd                   0x08001ec7   Thumb Code    22  stm32f4xx_usart.o(.text)
    USART_OneBitMethodCmd                    0x08001edd   Thumb Code    24  stm32f4xx_usart.o(.text)
    USART_SendData                           0x08001ef5   Thumb Code     8  stm32f4xx_usart.o(.text)
    USART_ReceiveData                        0x08001efd   Thumb Code    10  stm32f4xx_usart.o(.text)
    USART_SetAddress                         0x08001f07   Thumb Code    18  stm32f4xx_usart.o(.text)
    USART_ReceiverWakeUpCmd                  0x08001f19   Thumb Code    24  stm32f4xx_usart.o(.text)
    USART_WakeUpConfig                       0x08001f31   Thumb Code    18  stm32f4xx_usart.o(.text)
    USART_LINBreakDetectLengthConfig         0x08001f43   Thumb Code    18  stm32f4xx_usart.o(.text)
    USART_LINCmd                             0x08001f55   Thumb Code    24  stm32f4xx_usart.o(.text)
    USART_SendBreak                          0x08001f6d   Thumb Code    10  stm32f4xx_usart.o(.text)
    USART_HalfDuplexCmd                      0x08001f77   Thumb Code    24  stm32f4xx_usart.o(.text)
    USART_SetGuardTime                       0x08001f8f   Thumb Code    16  stm32f4xx_usart.o(.text)
    USART_SmartCardCmd                       0x08001f9f   Thumb Code    24  stm32f4xx_usart.o(.text)
    USART_SmartCardNACKCmd                   0x08001fb7   Thumb Code    24  stm32f4xx_usart.o(.text)
    USART_IrDAConfig                         0x08001fcf   Thumb Code    18  stm32f4xx_usart.o(.text)
    USART_IrDACmd                            0x08001fe1   Thumb Code    24  stm32f4xx_usart.o(.text)
    USART_DMACmd                             0x08001ff9   Thumb Code    18  stm32f4xx_usart.o(.text)
    USART_ITConfig                           0x0800200b   Thumb Code    74  stm32f4xx_usart.o(.text)
    USART_GetFlagStatus                      0x08002055   Thumb Code    26  stm32f4xx_usart.o(.text)
    USART_ClearFlag                          0x0800206f   Thumb Code    18  stm32f4xx_usart.o(.text)
    USART_GetITStatus                        0x08002081   Thumb Code   118  stm32f4xx_usart.o(.text)
    USART_ClearITPendingBit                  0x080020f7   Thumb Code    30  stm32f4xx_usart.o(.text)
    delay_init                               0x08002115   Thumb Code    52  delay.o(.text)
    delay_us                                 0x08002149   Thumb Code    72  delay.o(.text)
    delay_xms                                0x08002191   Thumb Code    72  delay.o(.text)
    delay_ms                                 0x080021d9   Thumb Code    56  delay.o(.text)
    _sys_exit                                0x08002219   Thumb Code     4  usart.o(.text)
    fputc                                    0x0800221d   Thumb Code    22  usart.o(.text)
    uart_init                                0x08002233   Thumb Code   164  usart.o(.text)
    TIM3_Int_Init                            0x080022e1   Thumb Code    88  hcsr04.o(.text)
    hcsr04_Init                              0x08002339   Thumb Code   104  hcsr04.o(.text)
    TIM3_IRQHandler                          0x080023a1   Thumb Code    32  hcsr04.o(.text)
    openTime                                 0x080023c1   Thumb Code    26  hcsr04.o(.text)
    closeTime                                0x080023db   Thumb Code    12  hcsr04.o(.text)
    hcsr04_measure                           0x080023e7   Thumb Code   202  hcsr04.o(.text)
    LEDInit                                  0x080024d9   Thumb Code    54  led.o(.text)
    led_all_off                              0x0800250f   Thumb Code    20  led.o(.text)
    led_all_on                               0x08002523   Thumb Code    20  led.o(.text)
    led                                      0x08002537   Thumb Code   140  led.o(.text)
    MotorChekInit                            0x080025d1   Thumb Code   154  motor.o(.text)
    motor_left_wheel_front                   0x0800266b   Thumb Code    56  motor.o(.text)
    motor_left_wheel_back                    0x080026a3   Thumb Code    62  motor.o(.text)
    motor_right_wheel_front                  0x080026e1   Thumb Code    62  motor.o(.text)
    motor_right_wheel_back                   0x0800271f   Thumb Code    62  motor.o(.text)
    motor_left_wheel                         0x0800275d   Thumb Code    18  motor.o(.text)
    motor_right_wheel                        0x0800276f   Thumb Code    18  motor.o(.text)
    motor_wheel                              0x08002781   Thumb Code    96  motor.o(.text)
    motor                                    0x080027e1   Thumb Code   200  motor.o(.text)
    turn_to_straight                         0x080028c1   Thumb Code    18  path.o(.text)
    turn_to_right                            0x080028d3   Thumb Code    46  path.o(.text)
    turn_to_left                             0x08002901   Thumb Code    44  path.o(.text)
    turn_to_back                             0x0800292d   Thumb Code    18  path.o(.text)
    turn_stop                                0x0800293f   Thumb Code    18  path.o(.text)
    handler_save_len                         0x08002951   Thumb Code    40  path.o(.text)
    path_handler                             0x08002979   Thumb Code   114  path.o(.text)
    WifiChek_Init                            0x080029f1   Thumb Code   248  wifi.o(.text)
    usrc210_send_ch                          0x08002ae9   Thumb Code    28  wifi.o(.text)
    usrc210_send                             0x08002b05   Thumb Code    54  wifi.o(.text)
    TIM4_IRQHandler                          0x08002b3b   Thumb Code    82  wifi.o(.text)
    usrc210_response                         0x08002b8d   Thumb Code     4  wifi.o(.text)
    USRC210_Cmd                              0x08002b91   Thumb Code     8  wifi.o(.text)
    uart2_init                               0x08002bc1   Thumb Code   172  uart2.o(.text)
    uart2_sendbyte                           0x08002c6d   Thumb Code    36  uart2.o(.text)
    uart2_sendstr                            0x08002c91   Thumb Code    22  uart2.o(.text)
    USART2_IRQHandler                        0x08002ca7   Thumb Code    60  uart2.o(.text)
    uart1_init                               0x08002cf5   Thumb Code   174  uart1.o(.text)
    uart1_sendbyte                           0x08002da3   Thumb Code    36  uart1.o(.text)
    uart1_sendstr                            0x08002dc7   Thumb Code    22  uart1.o(.text)
    USART1_IRQHandler                        0x08002ddd   Thumb Code    60  uart1.o(.text)
    __use_no_semihosting                     0x08002e29   Thumb Code     2  use_no_semi_2.o(.text)
    __2sprintf                               0x08002e2d   Thumb Code    34  noretval__2sprintf.o(.text)
    __printf                                 0x08002e55   Thumb Code   104  __printf.o(.text)
    _printf_int_dec                          0x08002ebd   Thumb Code   104  _printf_dec.o(.text)
    strlen                                   0x08002f35   Thumb Code    62  strlen.o(.text)
    __use_two_region_memory                  0x08002f73   Thumb Code     2  heapauxi.o(.text)
    __rt_heap_escrow$2region                 0x08002f75   Thumb Code     2  heapauxi.o(.text)
    __rt_heap_expand$2region                 0x08002f77   Thumb Code     2  heapauxi.o(.text)
    __I$use$semihosting                      0x08002f79   Thumb Code     0  use_no_semi.o(.text)
    __use_no_semihosting_swi                 0x08002f79   Thumb Code     2  use_no_semi.o(.text)
    _printf_int_common                       0x08002f7b   Thumb Code   178  _printf_intcommon.o(.text)
    __lib_sel_fp_printf                      0x0800302d   Thumb Code     2  _printf_fp_dec.o(.text)
    _printf_fp_dec_real                      0x080031db   Thumb Code   620  _printf_fp_dec.o(.text)
    _printf_char_common                      0x08003453   Thumb Code    32  _printf_char_common.o(.text)
    _sputc                                   0x08003479   Thumb Code    10  _sputc.o(.text)
    __rt_locale                              0x08003485   Thumb Code     8  rt_locale_intlibspace.o(.text)
    _ll_udiv10                               0x0800348d   Thumb Code   138  lludiv10.o(.text)
    _printf_fp_infnan                        0x08003519   Thumb Code   112  _printf_fp_infnan.o(.text)
    _btod_etento                             0x08003599   Thumb Code   216  bigflt0.o(.text)
    __user_libspace                          0x08003675   Thumb Code     8  libspace.o(.text)
    __user_perproc_libspace                  0x08003675   Thumb Code     0  libspace.o(.text)
    __user_perthread_libspace                0x08003675   Thumb Code     0  libspace.o(.text)
    __user_setup_stackheap                   0x0800367d   Thumb Code    74  sys_stackheap_outer.o(.text)
    exit                                     0x080036c7   Thumb Code    12  exit.o(.text)
    strcmp                                   0x080036d5   Thumb Code   128  strcmpv7m.o(.text)
    _btod_d2e                                0x08003755   Thumb Code    62  btod.o(CL$$btod_d2e)
    _d2e_denorm_low                          0x08003793   Thumb Code    70  btod.o(CL$$btod_d2e_denorm_low)
    _d2e_norm_op1                            0x080037d9   Thumb Code    96  btod.o(CL$$btod_d2e_norm_op1)
    __btod_div_common                        0x08003839   Thumb Code   696  btod.o(CL$$btod_div_common)
    _e2e                                     0x08003b71   Thumb Code   198  btod.o(CL$$btod_e2e)
    _btod_ediv                               0x08003c37   Thumb Code    40  btod.o(CL$$btod_ediv)
    _btod_emul                               0x08003c5f   Thumb Code    40  btod.o(CL$$btod_emul)
    __btod_mult_common                       0x08003c87   Thumb Code   580  btod.o(CL$$btod_mult_common)
    __ARM_fpclassify                         0x08003ecb   Thumb Code    48  fpclassify.o(i.__ARM_fpclassify)
    _get_lc_numeric                          0x08003efd   Thumb Code    44  lc_numeric_c.o(locale$$code)
    __aeabi_d2f                              0x08003f29   Thumb Code     0  d2f.o(x$fpl$d2f)
    _d2f                                     0x08003f29   Thumb Code    98  d2f.o(x$fpl$d2f)
    __aeabi_ddiv                             0x08003f8d   Thumb Code     0  ddiv.o(x$fpl$ddiv)
    _ddiv                                    0x08003f8d   Thumb Code   552  ddiv.o(x$fpl$ddiv)
    __aeabi_ui2d                             0x0800423d   Thumb Code     0  dflt_clz.o(x$fpl$dfltu)
    _dfltu                                   0x0800423d   Thumb Code    38  dflt_clz.o(x$fpl$dfltu)
    __fpl_dnaninf                            0x08004263   Thumb Code   156  dnaninf.o(x$fpl$dnaninf)
    __fpl_dretinf                            0x080042ff   Thumb Code    12  dretinf.o(x$fpl$dretinf)
    __aeabi_f2d                              0x0800430d   Thumb Code     0  f2d.o(x$fpl$f2d)
    _f2d                                     0x0800430d   Thumb Code    86  f2d.o(x$fpl$f2d)
    __fpl_fnaninf                            0x08004363   Thumb Code   140  fnaninf.o(x$fpl$fnaninf)
    _fp_init                                 0x080043ef   Thumb Code    10  fpinit.o(x$fpl$fpinit)
    __fplib_config_fpu_vfp                   0x080043f7   Thumb Code     0  fpinit.o(x$fpl$fpinit)
    __fplib_config_pureend_doubles           0x080043f7   Thumb Code     0  fpinit.o(x$fpl$fpinit)
    __fpl_fretinf                            0x080043f9   Thumb Code    10  fretinf.o(x$fpl$fretinf)
    _printf_fp_dec                           0x08004403   Thumb Code     4  printf1.o(x$fpl$printf1)
    __I$use$fp                               0x08004406   Number         0  usenofp.o(x$fpl$usenofp)
    Region$$Table$$Base                      0x0800449c   Number         0  anon$$obj.o(Region$$Table)
    Region$$Table$$Limit                     0x080044bc   Number         0  anon$$obj.o(Region$$Table)
    SystemCoreClock                          0x20000004   Data           4  system_stm32f4xx.o(.data)
    AHBPrescTable                            0x20000008   Data          16  system_stm32f4xx.o(.data)
    msHcCount                                0x2000002c   Data           2  hcsr04.o(.data)
    turn_to                                  0x20000030   Data           4  path.o(.data)
    Wifi_count                               0x20000034   Data           1  wifi.o(.data)
    Wifi_strlen                              0x20000035   Data           1  wifi.o(.data)
    j                                        0x20000036   Data           1  wifi.o(.data)
    wifi_flag                                0x20000037   Data           1  wifi.o(.data)
    wifi_rxflag                              0x20000038   Data           1  wifi.o(.data)
    USART2_RX_LEN                            0x2000003a   Data           2  uart2.o(.data)
    USART1_RX_LEN                            0x2000003c   Data           2  uart1.o(.data)
    carinfo                                  0x20000040   Data          12  main.o(.bss)
    s                                        0x2000004c   Data         100  main.o(.bss)
    Wifi_strbuf                              0x200000b0   Data         100  wifi.o(.bss)
    USART2_RX_BUF                            0x20000114   Data         200  uart2.o(.bss)
    USART1_RX_BUF                            0x200001dc   Data         200  uart1.o(.bss)
    __libspace_start                         0x200002a4   Data          96  libspace.o(.bss)
    __temporary_stack_top$libspace           0x20000304   Data           0  libspace.o(.bss)



==============================================================================

Memory Map of the image

  Image Entry point : 0x08000189

  Load Region LR_IROM1 (Base: 0x08000000, Size: 0x00004518, Max: 0x00100000, ABSOLUTE)

    Execution Region ER_IROM1 (Base: 0x08000000, Size: 0x000044d8, Max: 0x00100000, ABSOLUTE)

    Base Addr    Size         Type   Attr      Idx    E Section Name        Object

    0x08000000   0x00000188   Data   RO          224    RESET               startup_stm32f40_41xxx.o
    0x08000188   0x00000008   Code   RO          717  * !!!main             c_w.l(__main.o)
    0x08000190   0x00000034   Code   RO          950    !!!scatter          c_w.l(__scatter.o)
    0x080001c4   0x0000001a   Code   RO          952    !!handler_copy      c_w.l(__scatter_copy.o)
    0x080001de   0x00000002   PAD
    0x080001e0   0x0000001c   Code   RO          954    !!handler_zi        c_w.l(__scatter_zi.o)
    0x080001fc   0x00000000   Code   RO          712    .ARM.Collect$$_printf_percent$$00000000  c_w.l(_printf_percent.o)
    0x080001fc   0x00000006   Code   RO          711    .ARM.Collect$$_printf_percent$$00000003  c_w.l(_printf_f.o)
    0x08000202   0x00000006   Code   RO          710    .ARM.Collect$$_printf_percent$$00000009  c_w.l(_printf_d.o)
    0x08000208   0x00000004   Code   RO          746    .ARM.Collect$$_printf_percent$$00000017  c_w.l(_printf_percent_end.o)
    0x0800020c   0x00000002   Code   RO          828    .ARM.Collect$$libinit$$00000000  c_w.l(libinit.o)
    0x0800020e   0x00000004   Code   RO          829    .ARM.Collect$$libinit$$00000001  c_w.l(libinit2.o)
    0x08000212   0x00000000   Code   RO          832    .ARM.Collect$$libinit$$00000004  c_w.l(libinit2.o)
    0x08000212   0x00000000   Code   RO          835    .ARM.Collect$$libinit$$0000000A  c_w.l(libinit2.o)
    0x08000212   0x00000000   Code   RO          837    .ARM.Collect$$libinit$$0000000C  c_w.l(libinit2.o)
    0x08000212   0x00000000   Code   RO          839    .ARM.Collect$$libinit$$0000000E  c_w.l(libinit2.o)
    0x08000212   0x00000006   Code   RO          840    .ARM.Collect$$libinit$$0000000F  c_w.l(libinit2.o)
    0x08000218   0x00000000   Code   RO          842    .ARM.Collect$$libinit$$00000011  c_w.l(libinit2.o)
    0x08000218   0x00000000   Code   RO          844    .ARM.Collect$$libinit$$00000013  c_w.l(libinit2.o)
    0x08000218   0x00000000   Code   RO          846    .ARM.Collect$$libinit$$00000015  c_w.l(libinit2.o)
    0x08000218   0x0000000a   Code   RO          847    .ARM.Collect$$libinit$$00000016  c_w.l(libinit2.o)
    0x08000222   0x00000000   Code   RO          848    .ARM.Collect$$libinit$$00000017  c_w.l(libinit2.o)
    0x08000222   0x00000000   Code   RO          850    .ARM.Collect$$libinit$$00000019  c_w.l(libinit2.o)
    0x08000222   0x00000000   Code   RO          852    .ARM.Collect$$libinit$$0000001B  c_w.l(libinit2.o)
    0x08000222   0x00000000   Code   RO          854    .ARM.Collect$$libinit$$0000001D  c_w.l(libinit2.o)
    0x08000222   0x00000000   Code   RO          856    .ARM.Collect$$libinit$$0000001F  c_w.l(libinit2.o)
    0x08000222   0x00000000   Code   RO          858    .ARM.Collect$$libinit$$00000021  c_w.l(libinit2.o)
    0x08000222   0x00000000   Code   RO          860    .ARM.Collect$$libinit$$00000023  c_w.l(libinit2.o)
    0x08000222   0x00000000   Code   RO          862    .ARM.Collect$$libinit$$00000025  c_w.l(libinit2.o)
    0x08000222   0x00000000   Code   RO          866    .ARM.Collect$$libinit$$0000002C  c_w.l(libinit2.o)
    0x08000222   0x00000000   Code   RO          868    .ARM.Collect$$libinit$$0000002E  c_w.l(libinit2.o)
    0x08000222   0x00000000   Code   RO          870    .ARM.Collect$$libinit$$00000030  c_w.l(libinit2.o)
    0x08000222   0x00000000   Code   RO          872    .ARM.Collect$$libinit$$00000032  c_w.l(libinit2.o)
    0x08000222   0x00000002   Code   RO          873    .ARM.Collect$$libinit$$00000033  c_w.l(libinit2.o)
    0x08000224   0x00000002   Code   RO          901    .ARM.Collect$$libshutdown$$00000000  c_w.l(libshutdown.o)
    0x08000226   0x00000000   Code   RO          911    .ARM.Collect$$libshutdown$$00000003  c_w.l(libshutdown2.o)
    0x08000226   0x00000000   Code   RO          914    .ARM.Collect$$libshutdown$$00000006  c_w.l(libshutdown2.o)
    0x08000226   0x00000000   Code   RO          917    .ARM.Collect$$libshutdown$$00000009  c_w.l(libshutdown2.o)
    0x08000226   0x00000000   Code   RO          919    .ARM.Collect$$libshutdown$$0000000B  c_w.l(libshutdown2.o)
    0x08000226   0x00000000   Code   RO          922    .ARM.Collect$$libshutdown$$0000000E  c_w.l(libshutdown2.o)
    0x08000226   0x00000002   Code   RO          923    .ARM.Collect$$libshutdown$$0000000F  c_w.l(libshutdown2.o)
    0x08000228   0x00000000   Code   RO          737    .ARM.Collect$$rtentry$$00000000  c_w.l(__rtentry.o)
    0x08000228   0x00000000   Code   RO          757    .ARM.Collect$$rtentry$$00000002  c_w.l(__rtentry2.o)
    0x08000228   0x00000006   Code   RO          769    .ARM.Collect$$rtentry$$00000004  c_w.l(__rtentry4.o)
    0x0800022e   0x00000000   Code   RO          759    .ARM.Collect$$rtentry$$00000009  c_w.l(__rtentry2.o)
    0x0800022e   0x00000004   Code   RO          760    .ARM.Collect$$rtentry$$0000000A  c_w.l(__rtentry2.o)
    0x08000232   0x00000000   Code   RO          762    .ARM.Collect$$rtentry$$0000000C  c_w.l(__rtentry2.o)
    0x08000232   0x00000008   Code   RO          763    .ARM.Collect$$rtentry$$0000000D  c_w.l(__rtentry2.o)
    0x0800023a   0x00000002   Code   RO          874    .ARM.Collect$$rtexit$$00000000  c_w.l(rtexit.o)
    0x0800023c   0x00000000   Code   RO          881    .ARM.Collect$$rtexit$$00000002  c_w.l(rtexit2.o)
    0x0800023c   0x00000004   Code   RO          882    .ARM.Collect$$rtexit$$00000003  c_w.l(rtexit2.o)
    0x08000240   0x00000006   Code   RO          883    .ARM.Collect$$rtexit$$00000004  c_w.l(rtexit2.o)
    0x08000246   0x00000002   PAD
    0x08000248   0x00000198   Code   RO            3    .text               main.o
    0x080003e0   0x0000001a   Code   RO          175    .text               stm32f4xx_it.o
    0x080003fa   0x00000002   PAD
    0x080003fc   0x00000210   Code   RO          198    .text               system_stm32f4xx.o
    0x0800060c   0x00000040   Code   RO          225    .text               startup_stm32f40_41xxx.o
    0x0800064c   0x000000e0   Code   RO          231    .text               misc.o
    0x0800072c   0x00000294   Code   RO          277    .text               stm32f4xx_gpio.o
    0x080009c0   0x0000065c   Code   RO          297    .text               stm32f4xx_rcc.o
    0x0800101c   0x00000ca2   Code   RO          339    .text               stm32f4xx_tim.o
    0x08001cbe   0x00000002   PAD
    0x08001cc0   0x00000454   Code   RO          359    .text               stm32f4xx_usart.o
    0x08002114   0x00000104   Code   RO          399    .text               delay.o
    0x08002218   0x000000c8   Code   RO          439    .text               usart.o
    0x080022e0   0x000001f8   Code   RO          470    .text               hcsr04.o
    0x080024d8   0x000000f8   Code   RO          539    .text               led.o
    0x080025d0   0x000002f0   Code   RO          559    .text               motor.o
    0x080028c0   0x00000130   Code   RO          579    .text               path.o
    0x080029f0   0x000001d0   Code   RO          605    .text               wifi.o
    0x08002bc0   0x00000134   Code   RO          632    .text               uart2.o
    0x08002cf4   0x00000134   Code   RO          656    .text               uart1.o
    0x08002e28   0x00000002   Code   RO          680    .text               c_w.l(use_no_semi_2.o)
    0x08002e2a   0x00000002   PAD
    0x08002e2c   0x00000028   Code   RO          684    .text               c_w.l(noretval__2sprintf.o)
    0x08002e54   0x00000068   Code   RO          686    .text               c_w.l(__printf.o)
    0x08002ebc   0x00000078   Code   RO          688    .text               c_w.l(_printf_dec.o)
    0x08002f34   0x0000003e   Code   RO          713    .text               c_w.l(strlen.o)
    0x08002f72   0x00000006   Code   RO          715    .text               c_w.l(heapauxi.o)
    0x08002f78   0x00000002   Code   RO          735    .text               c_w.l(use_no_semi.o)
    0x08002f7a   0x000000b2   Code   RO          738    .text               c_w.l(_printf_intcommon.o)
    0x0800302c   0x0000041a   Code   RO          740    .text               c_w.l(_printf_fp_dec.o)
    0x08003446   0x00000002   PAD
    0x08003448   0x00000030   Code   RO          742    .text               c_w.l(_printf_char_common.o)
    0x08003478   0x0000000a   Code   RO          744    .text               c_w.l(_sputc.o)
    0x08003482   0x00000002   PAD
    0x08003484   0x00000008   Code   RO          774    .text               c_w.l(rt_locale_intlibspace.o)
    0x0800348c   0x0000008a   Code   RO          776    .text               c_w.l(lludiv10.o)
    0x08003516   0x00000002   PAD
    0x08003518   0x00000080   Code   RO          778    .text               c_w.l(_printf_fp_infnan.o)
    0x08003598   0x000000dc   Code   RO          782    .text               c_w.l(bigflt0.o)
    0x08003674   0x00000008   Code   RO          814    .text               c_w.l(libspace.o)
    0x0800367c   0x0000004a   Code   RO          817    .text               c_w.l(sys_stackheap_outer.o)
    0x080036c6   0x0000000c   Code   RO          819    .text               c_w.l(exit.o)
    0x080036d2   0x00000002   PAD
    0x080036d4   0x00000080   Code   RO          821    .text               c_w.l(strcmpv7m.o)
    0x08003754   0x0000003e   Code   RO          785    CL$$btod_d2e        c_w.l(btod.o)
    0x08003792   0x00000046   Code   RO          787    CL$$btod_d2e_denorm_low  c_w.l(btod.o)
    0x080037d8   0x00000060   Code   RO          786    CL$$btod_d2e_norm_op1  c_w.l(btod.o)
    0x08003838   0x00000338   Code   RO          795    CL$$btod_div_common  c_w.l(btod.o)
    0x08003b70   0x000000c6   Code   RO          792    CL$$btod_e2e        c_w.l(btod.o)
    0x08003c36   0x00000028   Code   RO          789    CL$$btod_ediv       c_w.l(btod.o)
    0x08003c5e   0x00000028   Code   RO          788    CL$$btod_emul       c_w.l(btod.o)
    0x08003c86   0x00000244   Code   RO          794    CL$$btod_mult_common  c_w.l(btod.o)
    0x08003eca   0x00000030   Code   RO          812    i.__ARM_fpclassify  m_wm.l(fpclassify.o)
    0x08003efa   0x00000002   PAD
    0x08003efc   0x0000002c   Code   RO          808    locale$$code        c_w.l(lc_numeric_c.o)
    0x08003f28   0x00000062   Code   RO          719    x$fpl$d2f           fz_wm.l(d2f.o)
    0x08003f8a   0x00000002   PAD
    0x08003f8c   0x000002b0   Code   RO          722    x$fpl$ddiv          fz_wm.l(ddiv.o)
    0x0800423c   0x00000026   Code   RO          725    x$fpl$dfltu         fz_wm.l(dflt_clz.o)
    0x08004262   0x0000009c   Code   RO          747    x$fpl$dnaninf       fz_wm.l(dnaninf.o)
    0x080042fe   0x0000000c   Code   RO          749    x$fpl$dretinf       fz_wm.l(dretinf.o)
    0x0800430a   0x00000002   PAD
    0x0800430c   0x00000056   Code   RO          731    x$fpl$f2d           fz_wm.l(f2d.o)
    0x08004362   0x0000008c   Code   RO          751    x$fpl$fnaninf       fz_wm.l(fnaninf.o)
    0x080043ee   0x0000000a   Code   RO          878    x$fpl$fpinit        fz_wm.l(fpinit.o)
    0x080043f8   0x0000000a   Code   RO          753    x$fpl$fretinf       fz_wm.l(fretinf.o)
    0x08004402   0x00000004   Code   RO          733    x$fpl$printf1       fz_wm.l(printf1.o)
    0x08004406   0x00000000   Code   RO          755    x$fpl$usenofp       fz_wm.l(usenofp.o)
    0x08004406   0x00000002   PAD
    0x08004408   0x00000094   Data   RO          783    .constdata          c_w.l(bigflt0.o)
    0x0800449c   0x00000020   Data   RO          948    Region$$Table       anon$$obj.o
    0x080044bc   0x0000001c   Data   RO          807    locale$$data        c_w.l(lc_numeric_c.o)


    Execution Region RW_IRAM1 (Base: 0x20000000, Size: 0x00000908, Max: 0x00020000, ABSOLUTE)

    Base Addr    Size         Type   Attr      Idx    E Section Name        Object

    0x20000000   0x00000004   Data   RW            5    .data               main.o
    0x20000004   0x00000014   Data   RW          199    .data               system_stm32f4xx.o
    0x20000018   0x00000010   Data   RW          298    .data               stm32f4xx_rcc.o
    0x20000028   0x00000004   Data   RW          400    .data               delay.o
    0x2000002c   0x00000002   Data   RW          471    .data               hcsr04.o
    0x2000002e   0x00000002   PAD
    0x20000030   0x00000004   Data   RW          580    .data               path.o
    0x20000034   0x00000005   Data   RW          607    .data               wifi.o
    0x20000039   0x00000001   PAD
    0x2000003a   0x00000002   Data   RW          634    .data               uart2.o
    0x2000003c   0x00000002   Data   RW          658    .data               uart1.o
    0x2000003e   0x00000002   PAD
    0x20000040   0x00000070   Zero   RW            4    .bss                main.o
    0x200000b0   0x00000064   Zero   RW          606    .bss                wifi.o
    0x20000114   0x000000c8   Zero   RW          633    .bss                uart2.o
    0x200001dc   0x000000c8   Zero   RW          657    .bss                uart1.o
    0x200002a4   0x00000060   Zero   RW          815    .bss                c_w.l(libspace.o)
    0x20000304   0x00000004   PAD
    0x20000308   0x00000200   Zero   RW          223    HEAP                startup_stm32f40_41xxx.o
    0x20000508   0x00000400   Zero   RW          222    STACK               startup_stm32f40_41xxx.o


==============================================================================

Image component sizes


      Code (inc. data)   RO Data    RW Data    ZI Data      Debug   Object Name

       260          8          0          4          0       1397   delay.o
       504         40          0          2          0       1858   hcsr04.o
       248         14          0          0          0       1173   led.o
       408         80          0          4        112      55340   main.o
       224         20          0          0          0     230881   misc.o
       752         24          0          0          0       2485   motor.o
       304          6          0          4          0       2817   path.o
        64         26        392          0       1536        816   startup_stm32f40_41xxx.o
       660         44          0          0          0       4057   stm32f4xx_gpio.o
        26          0          0          0          0       1202   stm32f4xx_it.o
      1628         52          0         16          0      12820   stm32f4xx_rcc.o
      3234         60          0          0          0      22260   stm32f4xx_tim.o
      1108         34          0          0          0       7756   stm32f4xx_usart.o
       528         46          0         20          0       1719   system_stm32f4xx.o
       308         16          0          2        200       1766   uart1.o
       308         18          0          2        200       1794   uart2.o
       200         10          0          0          0       2743   usart.o
       464         40          0          5        100       2835   wifi.o

    ----------------------------------------------------------------------
     11232        538        424         64       2148     355719   Object Totals
         0          0         32          0          0          0   (incl. Generated)
         4          0          0          5          0          0   (incl. Padding)

    ----------------------------------------------------------------------

      Code (inc. data)   RO Data    RW Data    ZI Data      Debug   Library Member Name

         8          0          0          0          0         68   __main.o
       104          0          0          0          0         84   __printf.o
         0          0          0          0          0          0   __rtentry.o
        12          0          0          0          0          0   __rtentry2.o
         6          0          0          0          0          0   __rtentry4.o
        52          8          0          0          0          0   __scatter.o
        26          0          0          0          0          0   __scatter_copy.o
        28          0          0          0          0          0   __scatter_zi.o
        48          6          0          0          0         96   _printf_char_common.o
         6          0          0          0          0          0   _printf_d.o
       120         16          0          0          0         92   _printf_dec.o
         6          0          0          0          0          0   _printf_f.o
      1050          0          0          0          0        216   _printf_fp_dec.o
       128         16          0          0          0         84   _printf_fp_infnan.o
       178          0          0          0          0         88   _printf_intcommon.o
         0          0          0          0          0          0   _printf_percent.o
         4          0          0          0          0          0   _printf_percent_end.o
        10          0          0          0          0         68   _sputc.o
       220          4        148          0          0         96   bigflt0.o
      1910        128          0          0          0        672   btod.o
        12          0          0          0          0         72   exit.o
         6          0          0          0          0        152   heapauxi.o
        44         10         28          0          0         76   lc_numeric_c.o
         2          0          0          0          0          0   libinit.o
        22          0          0          0          0          0   libinit2.o
         2          0          0          0          0          0   libshutdown.o
         2          0          0          0          0          0   libshutdown2.o
         8          4          0          0         96         68   libspace.o
       138          0          0          0          0         80   lludiv10.o
        40          6          0          0          0         84   noretval__2sprintf.o
         8          4          0          0          0         68   rt_locale_intlibspace.o
         2          0          0          0          0          0   rtexit.o
        10          0          0          0          0          0   rtexit2.o
       128          0          0          0          0         68   strcmpv7m.o
        62          0          0          0          0         76   strlen.o
        74          0          0          0          0         80   sys_stackheap_outer.o
         2          0          0          0          0         68   use_no_semi.o
         2          0          0          0          0         68   use_no_semi_2.o
        98          4          0          0          0        140   d2f.o
       688        140          0          0          0        256   ddiv.o
        38          0          0          0          0        116   dflt_clz.o
       156          4          0          0          0        140   dnaninf.o
        12          0          0          0          0        116   dretinf.o
        86          4          0          0          0        132   f2d.o
       140          4          0          0          0        132   fnaninf.o
        10          0          0          0          0        116   fpinit.o
        10          0          0          0          0        116   fretinf.o
         4          0          0          0          0        116   printf1.o
         0          0          0          0          0          0   usenofp.o
        48          0          0          0          0        124   fpclassify.o

    ----------------------------------------------------------------------
      5792        358        176          0        100       4028   Library Totals
        22          0          0          0          4          0   (incl. Padding)

    ----------------------------------------------------------------------

      Code (inc. data)   RO Data    RW Data    ZI Data      Debug   Library Name

      4480        202        176          0         96       2524   c_w.l
      1242        156          0          0          0       1380   fz_wm.l
        48          0          0          0          0        124   m_wm.l

    ----------------------------------------------------------------------
      5792        358        176          0        100       4028   Library Totals

    ----------------------------------------------------------------------

==============================================================================


      Code (inc. data)   RO Data    RW Data    ZI Data      Debug   

     17024        896        600         64       2248     353795   Grand Totals
     17024        896        600         64       2248     353795   ELF Image Totals
     17024        896        600         64          0          0   ROM Totals

==============================================================================

    Total RO  Size (Code + RO Data)                17624 (  17.21kB)
    Total RW  Size (RW Data + ZI Data)              2312 (   2.26kB)
    Total ROM Size (Code + RO Data + RW Data)      17688 (  17.27kB)

==============================================================================

